Component: ARM Compiler 6.14 Tool: armlink [5db06800]

==============================================================================

Section Cross References

    main.o(.text) refers (Special) to _printf_c.o(.ARM.Collect$$_printf_percent$$00000013) for _printf_c
    main.o(.text) refers (Special) to _printf_charcount.o(.text) for _printf_charcount
    main.o(.text) refers (Special) to _printf_d.o(.ARM.Collect$$_printf_percent$$00000009) for _printf_d
    main.o(.text) refers (Special) to _printf_i.o(.ARM.Collect$$_printf_percent$$00000008) for _printf_i
    main.o(.text) refers (Special) to _printf_dec.o(.text) for _printf_int_dec
    main.o(.text) refers (Special) to _printf_lc.o(.ARM.Collect$$_printf_percent$$00000015) for _printf_lc
    main.o(.text) refers (Special) to _printf_hex_int_ptr.o(.text) for _printf_longlong_hex
    main.o(.text) refers (Special) to _printf_oct_int.o(.text) for _printf_longlong_oct
    main.o(.text) refers (Special) to _printf_n.o(.ARM.Collect$$_printf_percent$$00000001) for _printf_n
    main.o(.text) refers (Special) to _printf_o.o(.ARM.Collect$$_printf_percent$$0000000B) for _printf_o
    main.o(.text) refers (Special) to _printf_p.o(.ARM.Collect$$_printf_percent$$00000002) for _printf_p
    main.o(.text) refers (Special) to _printf_percent.o(.ARM.Collect$$_printf_percent$$00000000) for _printf_percent
    main.o(.text) refers (Special) to _printf_pad.o(.text) for _printf_pre_padding
    main.o(.text) refers (Special) to _printf_s.o(.ARM.Collect$$_printf_percent$$00000014) for _printf_s
    main.o(.text) refers (Special) to _printf_str.o(.text) for _printf_str
    main.o(.text) refers (Special) to _printf_truncate.o(.text) for _printf_truncate_signed
    main.o(.text) refers (Special) to _printf_u.o(.ARM.Collect$$_printf_percent$$0000000A) for _printf_u
    main.o(.text) refers (Special) to _printf_wctomb.o(.text) for _printf_wctomb
    main.o(.text) refers (Special) to _printf_x.o(.ARM.Collect$$_printf_percent$$0000000C) for _printf_x
    main.o(.text.init_hardware) refers (Special) to _printf_c.o(.ARM.Collect$$_printf_percent$$00000013) for _printf_c
    main.o(.text.init_hardware) refers (Special) to _printf_charcount.o(.text) for _printf_charcount
    main.o(.text.init_hardware) refers (Special) to _printf_d.o(.ARM.Collect$$_printf_percent$$00000009) for _printf_d
    main.o(.text.init_hardware) refers (Special) to _printf_i.o(.ARM.Collect$$_printf_percent$$00000008) for _printf_i
    main.o(.text.init_hardware) refers (Special) to _printf_dec.o(.text) for _printf_int_dec
    main.o(.text.init_hardware) refers (Special) to _printf_lc.o(.ARM.Collect$$_printf_percent$$00000015) for _printf_lc
    main.o(.text.init_hardware) refers (Special) to _printf_hex_int_ptr.o(.text) for _printf_longlong_hex
    main.o(.text.init_hardware) refers (Special) to _printf_oct_int.o(.text) for _printf_longlong_oct
    main.o(.text.init_hardware) refers (Special) to _printf_n.o(.ARM.Collect$$_printf_percent$$00000001) for _printf_n
    main.o(.text.init_hardware) refers (Special) to _printf_o.o(.ARM.Collect$$_printf_percent$$0000000B) for _printf_o
    main.o(.text.init_hardware) refers (Special) to _printf_p.o(.ARM.Collect$$_printf_percent$$00000002) for _printf_p
    main.o(.text.init_hardware) refers (Special) to _printf_percent.o(.ARM.Collect$$_printf_percent$$00000000) for _printf_percent
    main.o(.text.init_hardware) refers (Special) to _printf_pad.o(.text) for _printf_pre_padding
    main.o(.text.init_hardware) refers (Special) to _printf_s.o(.ARM.Collect$$_printf_percent$$00000014) for _printf_s
    main.o(.text.init_hardware) refers (Special) to _printf_str.o(.text) for _printf_str
    main.o(.text.init_hardware) refers (Special) to _printf_truncate.o(.text) for _printf_truncate_signed
    main.o(.text.init_hardware) refers (Special) to _printf_u.o(.ARM.Collect$$_printf_percent$$0000000A) for _printf_u
    main.o(.text.init_hardware) refers (Special) to _printf_wctomb.o(.text) for _printf_wctomb
    main.o(.text.init_hardware) refers (Special) to _printf_x.o(.ARM.Collect$$_printf_percent$$0000000C) for _printf_x
    main.o(.text.init_hardware) refers to main.o(.text.init_adc) for init_adc
    main.o(.text.init_hardware) refers to main.o(.text.init_gpio) for init_gpio
    main.o(.text.init_hardware) refers to main.o(.text.init_uart) for init_uart
    main.o(.text.init_hardware) refers to main.o(.text.init_timer) for init_timer
    main.o(.ARM.exidx.text.init_hardware) refers (Special) to _printf_c.o(.ARM.Collect$$_printf_percent$$00000013) for _printf_c
    main.o(.ARM.exidx.text.init_hardware) refers (Special) to _printf_charcount.o(.text) for _printf_charcount
    main.o(.ARM.exidx.text.init_hardware) refers (Special) to _printf_d.o(.ARM.Collect$$_printf_percent$$00000009) for _printf_d
    main.o(.ARM.exidx.text.init_hardware) refers (Special) to _printf_i.o(.ARM.Collect$$_printf_percent$$00000008) for _printf_i
[...]
    __rt_lib_shutdown_cpp_1                  0x000001a3   Thumb Code     0  libshutdown2.o(.ARM.Collect$$libshutdown$$00000002)
    __rt_lib_shutdown_fp_trap_1              0x000001a3   Thumb Code     0  libshutdown2.o(.ARM.Collect$$libshutdown$$00000007)
    __rt_lib_shutdown_heap_1                 0x000001a3   Thumb Code     0  libshutdown2.o(.ARM.Collect$$libshutdown$$0000000F)
    __rt_lib_shutdown_return                 0x000001a3   Thumb Code     0  libshutdown2.o(.ARM.Collect$$libshutdown$$00000010)
    __rt_lib_shutdown_signal_1               0x000001a3   Thumb Code     0  libshutdown2.o(.ARM.Collect$$libshutdown$$0000000A)
    __rt_lib_shutdown_stdio_1                0x000001a3   Thumb Code     0  libshutdown2.o(.ARM.Collect$$libshutdown$$00000004)
    __rt_lib_shutdown_user_alloc_1           0x000001a3   Thumb Code     0  libshutdown2.o(.ARM.Collect$$libshutdown$$0000000C)
    __rt_entry                               0x000001a5   Thumb Code     0  __rtentry.o(.ARM.Collect$$rtentry$$00000000)
    __rt_entry_presh_1                       0x000001a5   Thumb Code     0  __rtentry2.o(.ARM.Collect$$rtentry$$00000002)
    __rt_entry_sh                            0x000001a5   Thumb Code     0  __rtentry4.o(.ARM.Collect$$rtentry$$00000004)
    __rt_entry_li                            0x000001ab   Thumb Code     0  __rtentry2.o(.ARM.Collect$$rtentry$$0000000A)
    __rt_entry_postsh_1                      0x000001ab   Thumb Code     0  __rtentry2.o(.ARM.Collect$$rtentry$$00000009)
    __rt_entry_postli_1                      0x000001af   Thumb Code     0  __rtentry2.o(.ARM.Collect$$rtentry$$0000000B)
    __rt_entry_main                          0x000001b7   Thumb Code     0  __rtentry2.o(.ARM.Collect$$rtentry$$0000000D)
    __rt_exit                                0x000001bf   Thumb Code     0  rtexit.o(.ARM.Collect$$rtexit$$00000000)
    __rt_exit_ls                             0x000001c1   Thumb Code     0  rtexit2.o(.ARM.Collect$$rtexit$$00000003)
    __rt_exit_prels_1                        0x000001c1   Thumb Code     0  rtexit2.o(.ARM.Collect$$rtexit$$00000002)
    __rt_exit_exit                           0x000001c5   Thumb Code     0  rtexit2.o(.ARM.Collect$$rtexit$$00000004)
    rt_set_PSP                               0x000001cd   Thumb Code     6  hal_cm3.o(.emb_text)
    rt_get_PSP                               0x000001d3   Thumb Code     6  hal_cm3.o(.emb_text)
    os_set_env                               0x000001d9   Thumb Code    24  hal_cm3.o(.emb_text)
    _alloc_box                               0x000001f5   Thumb Code    28  hal_cm3.o(.emb_text)
    _free_box                                0x00000215   Thumb Code    28  hal_cm3.o(.emb_text)
    SVC_Handler                              0x00000235   Thumb Code   108  hal_cm3.o(.emb_text)
    PendSV_Handler                           0x000002ad   Thumb Code    56  hal_cm3.o(.emb_text)
    SysTick_Handler                          0x000002e9   Thumb Code     8  hal_cm3.o(.emb_text)
    OS_Tick_Handler                          0x000002f1   Thumb Code    12  hal_cm3.o(.emb_text)
    Reset_Handler                            0x00000301   Thumb Code     8  startup_lpc17xx.o(.text)
    NMI_Handler                              0x00000309   Thumb Code     2  startup_lpc17xx.o(.text)
    HardFault_Handler                        0x0000030b   Thumb Code     2  startup_lpc17xx.o(.text)
    MemManage_Handler                        0x0000030d   Thumb Code     2  startup_lpc17xx.o(.text)
    BusFault_Handler                         0x0000030f   Thumb Code     2  startup_lpc17xx.o(.text)
    UsageFault_Handler                       0x00000311   Thumb Code     2  startup_lpc17xx.o(.text)
    DebugMon_Handler                         0x00000315   Thumb Code     2  startup_lpc17xx.o(.text)
    ADC_IRQHandler                           0x0000031b   Thumb Code     0  startup_lpc17xx.o(.text)
    BOD_IRQHandler                           0x0000031b   Thumb Code     0  startup_lpc17xx.o(.text)
    CANActivity_IRQHandler                   0x0000031b   Thumb Code     0  startup_lpc17xx.o(.text)
    CAN_IRQHandler                           0x0000031b   Thumb Code     0  startup_lpc17xx.o(.text)
    EINT0_IRQHandler                         0x0000031b   Thumb Code     0  startup_lpc17xx.o(.text)
    EINT1_IRQHandler                         0x0000031b   Thumb Code     0  startup_lpc17xx.o(.text)
    EINT2_IRQHandler                         0x0000031b   Thumb Code     0  startup_lpc17xx.o(.text)
    EINT3_IRQHandler                         0x0000031b   Thumb Code     0  startup_lpc17xx.o(.text)
    ENET_IRQHandler                          0x0000031b   Thumb Code     0  startup_lpc17xx.o(.text)
    I2C0_IRQHandler                          0x0000031b   Thumb Code     0  startup_lpc17xx.o(.text)
    I2C1_IRQHandler                          0x0000031b   Thumb Code     0  startup_lpc17xx.o(.text)
    I2C2_IRQHandler                          0x0000031b   Thumb Code     0  startup_lpc17xx.o(.text)
    I2S_IRQHandler                           0x0000031b   Thumb Code     0  startup_lpc17xx.o(.text)
    MCPWM_IRQHandler                         0x0000031b   Thumb Code     0  startup_lpc17xx.o(.text)
    PLL0_IRQHandler                          0x0000031b   Thumb Code     0  startup_lpc17xx.o(.text)
    PLL1_IRQHandler                          0x0000031b   Thumb Code     0  startup_lpc17xx.o(.text)
    PWM1_IRQHandler                          0x0000031b   Thumb Code     0  startup_lpc17xx.o(.text)
    QEI_IRQHandler                           0x0000031b   Thumb Code     0  startup_lpc17xx.o(.text)
    RIT_IRQHandler                           0x0000031b   Thumb Code     0  startup_lpc17xx.o(.text)
    RTC_IRQHandler                           0x0000031b   Thumb Code     0  startup_lpc17xx.o(.text)
    SSP0_IRQHandler                          0x0000031b   Thumb Code     0  startup_lpc17xx.o(.text)
    TIMER0_IRQHandler                        0x0000031b   Thumb Code     0  startup_lpc17xx.o(.text)
    TIMER2_IRQHandler                        0x0000031b   Thumb Code     0  startup_lpc17xx.o(.text)
    TIMER3_IRQHandler                        0x0000031b   Thumb Code     0  startup_lpc17xx.o(.text)
    UART0_IRQHandler                         0x0000031b   Thumb Code     0  startup_lpc17xx.o(.text)
    UART1_IRQHandler                         0x0000031b   Thumb Code     0  startup_lpc17xx.o(.text)
    UART2_IRQHandler                         0x0000031b   Thumb Code     0  startup_lpc17xx.o(.text)
    UART3_IRQHandler                         0x0000031b   Thumb Code     0  startup_lpc17xx.o(.text)
    USBActivity_IRQHandler                   0x0000031b   Thumb Code     0  startup_lpc17xx.o(.text)
    USB_IRQHandler                           0x0000031b   Thumb Code     0  startup_lpc17xx.o(.text)
    WDT_IRQHandler                           0x0000031b   Thumb Code     0  startup_lpc17xx.o(.text)
    __user_initial_stackheap                 0x0000031d   Thumb Code     0  startup_lpc17xx.o(.text)
    __user_libspace                          0x0000033d   Thumb Code     8  libspace.o(.text)
    __user_perproc_libspace                  0x0000033d   Thumb Code     0  libspace.o(.text)
    __aeabi_uldivmod                         0x00000345   Thumb Code     0  lludivv7m.o(.text)
    _ll_udiv                                 0x00000345   Thumb Code   240  lludivv7m.o(.text)
    __2snprintf                              0x00000435   Thumb Code    48  noretval__2snprintf.o(.text)
    _printf_pre_padding                      0x00000469   Thumb Code    44  _printf_pad.o(.text)
    __RL_RTX_VER                             0x00000482   Number         0  rt_system.o ABSOLUTE
    _printf_post_padding                     0x00000495   Thumb Code    34  _printf_pad.o(.text)
    _printf_truncate_signed                  0x000004b7   Thumb Code    18  _printf_truncate.o(.text)
    _printf_truncate_unsigned                0x000004c9   Thumb Code    18  _printf_truncate.o(.text)
    _printf_str                              0x000004db   Thumb Code    82  _printf_str.o(.text)
    _printf_int_dec                          0x0000052d   Thumb Code   104  _printf_dec.o(.text)
    _printf_charcount                        0x000005a5   Thumb Code    40  _printf_charcount.o(.text)
    _printf_wctomb                           0x000005cd   Thumb Code   182  _printf_wctomb.o(.text)
    _printf_int_oct                          0x00000689   Thumb Code    74  _printf_oct_int.o(.text)
    _printf_longlong_oct                     0x00000689   Thumb Code     0  _printf_oct_int.o(.text)
    _printf_longlong_hex                     0x000006dd   Thumb Code    78  _printf_hex_int_ptr.o(.text)
    _printf_int_hex                          0x0000072b   Thumb Code    26  _printf_hex_int_ptr.o(.text)
    _printf_hex_ptr                          0x00000745   Thumb Code    16  _printf_hex_int_ptr.o(.text)
    __printf                                 0x00000759   Thumb Code   388  __printf_flags_ss_wp.o(.text)
    atoi                                     0x000008e1   Thumb Code    26  atoi.o(.text)
    strtok                                   0x000008fd   Thumb Code     6  strtok.o(.text)
    strstr                                   0x00000909   Thumb Code    36  strstr.o(.text)
    memcmp                                   0x0000092d   Thumb Code    88  memcmp.o(.text)
    __aeabi_memcpy                           0x00000985   Thumb Code     0  rt_memcpy_v6.o(.text)
    __rt_memcpy                              0x00000985   Thumb Code   138  rt_memcpy_v6.o(.text)
    _memcpy_lastbytes                        0x000009eb   Thumb Code     0  rt_memcpy_v6.o(.text)
    strcmp                                   0x00000a11   Thumb Code   128  strcmpv7m.o(.text)
    __use_two_region_memory                  0x00000a91   Thumb Code     2  heapauxi.o(.text)
    __rt_heap_escrow$2region                 0x00000a93   Thumb Code     2  heapauxi.o(.text)
    __rt_heap_expand$2region                 0x00000a95   Thumb Code     2  heapauxi.o(.text)
    __aeabi_errno_addr                       0x00000a97   Thumb Code     4  rt_errno_addr_twolibspace.o(.text)
    __errno$twolibspace                      0x00000a97   Thumb Code     0  rt_errno_addr_twolibspace.o(.text)
    __rt_errno_addr$twolibspace              0x00000a97   Thumb Code     0  rt_errno_addr_twolibspace.o(.text)
    _printf_int_common                       0x00000a9b   Thumb Code   178  _printf_intcommon.o(.text)
    _printf_char_common                      0x00000b57   Thumb Code    32  _printf_char_common.o(.text)
    _sputc                                   0x00000b7d   Thumb Code    10  _sputc.o(.text)
    _snputc                                  0x00000b87   Thumb Code    16  _snputc.o(.text)
    _printf_cs_common                        0x00000b97   Thumb Code    20  _printf_char.o(.text)
    _printf_char                             0x00000bab   Thumb Code    16  _printf_char.o(.text)
    _printf_string                           0x00000bbb   Thumb Code     8  _printf_char.o(.text)
    _printf_lcs_common                       0x00000bc3   Thumb Code    20  _printf_wchar.o(.text)
    _printf_wchar                            0x00000bd7   Thumb Code    16  _printf_wchar.o(.text)
    _printf_wstring                          0x00000be7   Thumb Code     8  _printf_wchar.o(.text)
    strtol                                   0x00000bef   Thumb Code   112  strtol.o(.text)
    _c16rtomb                                0x00000c5f   Thumb Code    72  _c16rtomb.o(.text)
    _wcrtomb                                 0x00000c5f   Thumb Code     0  _c16rtomb.o(.text)
    __strtok_internal                        0x00000ca9   Thumb Code    64  strtok_int.o(.text)
    __aeabi_memcpy4                          0x00000ced   Thumb Code     0  rt_memcpy_w.o(.text)
    __aeabi_memcpy8                          0x00000ced   Thumb Code     0  rt_memcpy_w.o(.text)
    __rt_memcpy_w                            0x00000ced   Thumb Code   100  rt_memcpy_w.o(.text)
    _memcpy_lastbytes_aligned                0x00000d35   Thumb Code     0  rt_memcpy_w.o(.text)
    __rt_ctype_table                         0x00000d51   Thumb Code    16  rt_ctype_table.o(.text)
    _strtoul                                 0x00000d61   Thumb Code   158  _strtoul.o(.text)
    strcspn                                  0x00000dff   Thumb Code    32  strcspn.o(.text)
    strspn                                   0x00000e1f   Thumb Code    28  strspn.o(.text)
    __user_setup_stackheap                   0x00000e3b   Thumb Code    74  sys_stackheap_outer.o(.text)
    __rt_locale                              0x00000e85   Thumb Code    10  rt_locale_twolibspace.o(.text)
    _chval                                   0x00000e8f   Thumb Code    28  _chval.o(.text)
    exit                                     0x00000eab   Thumb Code    18  exit.o(.text)
    _sys_exit                                0x00000ebd   Thumb Code     8  sys_exit.o(.text)
    __I$use$semihosting                      0x00000ec9   Thumb Code     0  use_no_semi.o(.text)
    __use_no_semihosting_swi                 0x00000ec9   Thumb Code     2  use_no_semi.o(.text)
    __semihosting_library_function           0x00000ecb   Thumb Code     0  indicate_semi.o(.text)
    DMA_IRQHandler                           0x00000eed   Thumb Code    90  gpdma_lpc17xx.o(.text.DMA_IRQHandler)
    GLCD_ClearScreen                         0x00000f49   Thumb Code    46  glcd_mcb1700.o(.text.GLCD_ClearScreen)
    GLCD_DrawChar                            0x00000f79   Thumb Code   188  glcd_mcb1700.o(.text.GLCD_DrawChar)
    GLCD_DrawString                          0x00001035   Thumb Code    54  glcd_mcb1700.o(.text.GLCD_DrawString)
    GLCD_Initialize                          0x0000106d   Thumb Code  1408  glcd_mcb1700.o(.text.GLCD_Initialize)
    GLCD_SetBackgroundColor                  0x000015ed   Thumb Code    16  glcd_mcb1700.o(.text.GLCD_SetBackgroundColor)
    GLCD_SetFont                             0x000015fd   Thumb Code    16  glcd_mcb1700.o(.text.GLCD_SetFont)
    GLCD_SetForegroundColor                  0x0000160d   Thumb Code    16  glcd_mcb1700.o(.text.GLCD_SetForegroundColor)
    GLCD_SetWindow                           0x0000161d   Thumb Code   176  glcd_mcb1700.o(.text.GLCD_SetWindow)
    GLCD_WindowMax                           0x000016cd   Thumb Code    18  glcd_mcb1700.o(.text.GLCD_WindowMax)
    GPIO_PinRead                             0x000016e1   Thumb Code    20  gpio_lpc17xx.o(.text.GPIO_PinRead)
    GPIO_PinWrite                            0x000016f5   Thumb Code    28  gpio_lpc17xx.o(.text.GPIO_PinWrite)
    GPIO_PortClock                           0x00001711   Thumb Code    26  gpio_lpc17xx.o(.text.GPIO_PortClock)
    GPIO_SetDir                              0x0000172d   Thumb Code    34  gpio_lpc17xx.o(.text.GPIO_SetDir)
    PIN_Configure                            0x00001785   Thumb Code   116  pin_lpc17xx.o(.text.PIN_Configure)
    SPI_IRQHandler                           0x000017f9   Thumb Code   260  spi_lpc17xx.o(.text.SPI_IRQHandler)
    SSP1_IRQHandler                          0x00001915   Thumb Code     8  ssp_lpc17xx.o(.text.SSP1_IRQHandler)
    SystemCoreClockUpdate                    0x00002119   Thumb Code   248  system_lpc17xx.o(.text.SystemCoreClockUpdate)
    SystemInit                               0x00002211   Thumb Code   204  system_lpc17xx.o(.text.SystemInit)
    TIMER1_IRQHandler                        0x000022dd   Thumb Code    28  main.o(.text.TIMER1_IRQHandler)
    __user_perthread_libspace                0x00002341   Thumb Code    58  rtx_conf_cm.o(.text.__user_perthread_libspace)
    _mutex_acquire                           0x0000237d   Thumb Code    34  rtx_conf_cm.o(.text._mutex_acquire)
    _mutex_release                           0x000023a1   Thumb Code    30  rtx_conf_cm.o(.text._mutex_release)
    _platform_post_lib_init                  0x000023c1   Thumb Code    26  rtx_conf_cm.o(.text._platform_post_lib_init)
    adjust_durations                         0x000023dd   Thumb Code   908  main.o(.text.adjust_durations)
    adjust_threshold                         0x00002769   Thumb Code   668  main.o(.text.adjust_threshold)
    control_actuators                        0x00002a05   Thumb Code   864  main.o(.text.control_actuators)
    control_thread                           0x00002d65   Thumb Code    84  main.o(.text.control_thread)
    control_timers                           0x00002db9   Thumb Code  1344  main.o(.text.control_timers)
    display_menu                             0x0000332d   Thumb Code   640  main.o(.text.display_menu)
    init_adc                                 0x000035ad   Thumb Code    52  main.o(.text.init_adc)
    init_gpio                                0x000035e1   Thumb Code    62  main.o(.text.init_gpio)
    init_hardware                            0x00003621   Thumb Code    20  main.o(.text.init_hardware)
    init_timer                               0x00003635   Thumb Code    62  main.o(.text.init_timer)
    init_uart                                0x00003675   Thumb Code   148  main.o(.text.init_uart)
    main                                     0x00003709   Thumb Code   266  main.o(.text.main)
    menu_thread                              0x00003815   Thumb Code   292  main.o(.text.menu_thread)
    monitor_thread                           0x00003939   Thumb Code   118  main.o(.text.monitor_thread)
    os_error                                 0x000039b1   Thumb Code     2  rtx_conf_cm.o(.text.os_error)
    os_idle_demon                            0x000039b5   Thumb Code     2  rtx_conf_cm.o(.text.os_idle_demon)
    read_adc_channel                         0x00003ab1   Thumb Code    52  main.o(.text.read_adc_channel)
    read_joystick                            0x00003ae5   Thumb Code    60  main.o(.text.read_joystick)
    send_uart_string                         0x00003b21   Thumb Code    60  main.o(.text.send_uart_string)
    sensor_thread                            0x00003b5d   Thumb Code   224  main.o(.text.sensor_thread)
    show_sensors                             0x00003c3d   Thumb Code   440  main.o(.text.show_sensors)
    timer_monitor_thread                     0x00003e95   Thumb Code   140  main.o(.text.timer_monitor_thread)
    toggle_actuator                          0x00003f21   Thumb Code    34  main.o(.text.toggle_actuator)
    uart_receive_thread                      0x00003f45   Thumb Code   844  main.o(.text.uart_receive_thread)
    uart_thread                              0x00004291   Thumb Code   156  main.o(.text.uart_thread)
    update_time                              0x0000432d   Thumb Code    58  main.o(.text.update_time)
    SVC_Count                                0x00004470   Data           4  svc_table.o(SVC_TABLE)
    SVC_Table                                0x00004474   Data           0  svc_table.o(SVC_TABLE)
    _init_box                                0x00004475   Thumb Code    70  rt_membox.o(i._init_box)
    _is_digit                                0x000044bb   Thumb Code    14  __printf_wp.o(i._is_digit)
    dbg_init                                 0x000044c9   Thumb Code    34  hal_cm.o(i.dbg_init)
    dbg_task_notify                          0x000044f9   Thumb Code    32  hal_cm.o(i.dbg_task_notify)
    dbg_task_switch                          0x00004519   Thumb Code    16  hal_cm.o(i.dbg_task_switch)
    isrMessageGet                            0x00004529   Thumb Code    42  rt_cmsis.o(i.isrMessageGet)
    isrMessagePut                            0x00004553   Thumb Code    44  rt_cmsis.o(i.isrMessagePut)
    isrSemaphoreRelease                      0x0000457f   Thumb Code    40  rt_cmsis.o(i.isrSemaphoreRelease)
    isr_mbx_receive                          0x000045a9   Thumb Code    86  rt_mailbox.o(i.isr_mbx_receive)
    isr_mbx_send                             0x000045ff   Thumb Code    14  rt_mailbox.o(i.isr_mbx_send)
    isr_sem_send                             0x0000460d   Thumb Code    16  rt_semaphore.o(i.isr_sem_send)
    osDelay                                  0x0000461d   Thumb Code    18  rt_cmsis.o(i.osDelay)
    osKernelInitialize                       0x00004635   Thumb Code    30  rt_cmsis.o(i.osKernelInitialize)
    osKernelStart                            0x00004659   Thumb Code    98  rt_cmsis.o(i.osKernelStart)
    osKernelSysTick                          0x000046c5   Thumb Code    18  rt_cmsis.o(i.osKernelSysTick)
    osMessageGet                             0x000046dd   Thumb Code    18  rt_cmsis.o(i.osMessageGet)
    osMutexCreate                            0x000046f5   Thumb Code    36  rt_cmsis.o(i.osMutexCreate)
    osMutexRelease                           0x00004721   Thumb Code    18  rt_cmsis.o(i.osMutexRelease)
    osMutexWait                              0x00004739   Thumb Code    18  rt_cmsis.o(i.osMutexWait)
    osSemaphoreCreate                        0x00004751   Thumb Code    36  rt_cmsis.o(i.osSemaphoreCreate)
    osSemaphoreRelease                       0x0000477d   Thumb Code    18  rt_cmsis.o(i.osSemaphoreRelease)
    osSemaphoreWait                          0x00004795   Thumb Code    20  rt_cmsis.o(i.osSemaphoreWait)
    osThreadCreate                           0x000047ad   Thumb Code    36  rt_cmsis.o(i.osThreadCreate)
    osThreadExit                             0x000047d9   Thumb Code    14  rt_cmsis.o(i.osThreadExit)
    osTimerCall                              0x000047f1   Thumb Code     8  rt_cmsis.o(i.osTimerCall)
    osTimerThread                            0x000047fd   Thumb Code    38  rt_cmsis.o(i.osTimerThread)
    os_tick_init                             0x00004829   Thumb Code    32  rt_system.o(i.os_tick_init)
    os_tick_irqack                           0x00004851   Thumb Code     2  rt_system.o(i.os_tick_irqack)
    os_tick_ovf                              0x00004855   Thumb Code    10  rt_system.o(i.os_tick_ovf)
    os_tick_val                              0x00004865   Thumb Code    14  rt_system.o(i.os_tick_val)
    rt_alloc_box                             0x00004879   Thumb Code    26  rt_membox.o(i.rt_alloc_box)
    rt_alloc_mem                             0x00004893   Thumb Code    62  rt_memory.o(i.rt_alloc_mem)
    rt_block                                 0x000048d1   Thumb Code    48  rt_task.o(i.rt_block)
    rt_chk_robin                             0x00004909   Thumb Code    60  rt_robin.o(i.rt_chk_robin)
    rt_dec_dly                               0x00004951   Thumb Code   102  rt_list.o(i.rt_dec_dly)
    rt_dispatch                              0x000049c1   Thumb Code    60  rt_task.o(i.rt_dispatch)
    rt_dly_wait                              0x00004a05   Thumb Code     6  rt_time.o(i.rt_dly_wait)
    rt_evt_psh                               0x00004a0d   Thumb Code    76  rt_event.o(i.rt_evt_psh)
    rt_free_box                              0x00004a5d   Thumb Code    44  rt_membox.o(i.rt_free_box)
    rt_free_mem                              0x00004a89   Thumb Code    40  rt_memory.o(i.rt_free_mem)
    rt_get_first                             0x00004ab1   Thumb Code    40  rt_list.o(i.rt_get_first)
    rt_init_mem                              0x00004b29   Thumb Code    26  rt_memory.o(i.rt_init_mem)
    rt_init_robin                            0x00004b45   Thumb Code    14  rt_robin.o(i.rt_init_robin)
    rt_init_stack                            0x00004b5d   Thumb Code   118  hal_cm.o(i.rt_init_stack)
    rt_mbx_check                             0x00004bdd   Thumb Code     8  rt_mailbox.o(i.rt_mbx_check)
    rt_mbx_init                              0x00004be5   Thumb Code    26  rt_mailbox.o(i.rt_mbx_init)
    rt_mbx_psh                               0x00004c01   Thumb Code   236  rt_mailbox.o(i.rt_mbx_psh)
    rt_mbx_wait                              0x00004cf1   Thumb Code   174  rt_mailbox.o(i.rt_mbx_wait)
    rt_mut_init                              0x00004de9   Thumb Code    16  rt_mutex.o(i.rt_mut_init)
    rt_mut_release                           0x00004df9   Thumb Code   208  rt_mutex.o(i.rt_mut_release)
    rt_mut_wait                              0x00004ed1   Thumb Code   114  rt_mutex.o(i.rt_mut_wait)
    rt_pop_req                               0x00004f49   Thumb Code   112  rt_system.o(i.rt_pop_req)
    rt_psh_req                               0x00004fc5   Thumb Code    22  rt_system.o(i.rt_psh_req)
    rt_psq_enq                               0x00004fe5   Thumb Code    88  rt_list.o(i.rt_psq_enq)
    rt_put_dly                               0x00005041   Thumb Code    68  rt_list.o(i.rt_put_dly)
    rt_put_prio                              0x00005089   Thumb Code    54  rt_list.o(i.rt_put_prio)
    rt_put_rdy_first                         0x000050c1   Thumb Code    14  rt_list.o(i.rt_put_rdy_first)
    rt_resort_prio                           0x000050d5   Thumb Code    46  rt_list.o(i.rt_resort_prio)
    rt_ret_val                               0x00005109   Thumb Code     6  hal_cm.o(i.rt_ret_val)
    rt_ret_val2                              0x0000510f   Thumb Code     8  hal_cm.o(i.rt_ret_val2)
    rt_rmv_dly                               0x00005117   Thumb Code    40  rt_list.o(i.rt_rmv_dly)
    rt_rmv_list                              0x00005141   Thumb Code    44  rt_list.o(i.rt_rmv_list)
    rt_sem_init                              0x00005171   Thumb Code    12  rt_semaphore.o(i.rt_sem_init)
    rt_sem_psh                               0x0000517d   Thumb Code    48  rt_semaphore.o(i.rt_sem_psh)
    rt_sem_send                              0x000051b1   Thumb Code    42  rt_semaphore.o(i.rt_sem_send)
    rt_sem_wait                              0x000051dd   Thumb Code    58  rt_semaphore.o(i.rt_sem_wait)
    rt_stk_check                             0x0000521d   Thumb Code    28  rt_system.o(i.rt_stk_check)
    rt_switch_req                            0x00005241   Thumb Code    30  rt_task.o(i.rt_switch_req)
    rt_sys_init                              0x00005269   Thumb Code   138  rt_task.o(i.rt_sys_init)
    rt_sys_start                             0x00005335   Thumb Code   110  rt_task.o(i.rt_sys_start)
    rt_systick                               0x000053ad   Thumb Code    50  rt_system.o(i.rt_systick)
    rt_tsk_create                            0x00005435   Thumb Code   118  rt_task.o(i.rt_tsk_create)
    rt_tsk_delete                            0x000054bd   Thumb Code   352  rt_task.o(i.rt_tsk_delete)
    rt_tsk_prio                              0x00005639   Thumb Code   108  rt_task.o(i.rt_tsk_prio)
    rt_tsk_self                              0x000056b5   Thumb Code    12  rt_task.o(i.rt_tsk_self)
    svcDelay                                 0x000056c5   Thumb Code    18  rt_cmsis.o(i.svcDelay)
    svcKernelInitialize                      0x000056d9   Thumb Code    80  rt_cmsis.o(i.svcKernelInitialize)
    svcKernelStart                           0x00005749   Thumb Code    62  rt_cmsis.o(i.svcKernelStart)
    svcKernelSysTick                         0x00005791   Thumb Code    46  rt_cmsis.o(i.svcKernelSysTick)
    svcMessageCreate                         0x000057c9   Thumb Code    36  rt_cmsis.o(i.svcMessageCreate)
    svcMessageGet                            0x000057ed   Thumb Code    58  rt_cmsis.o(i.svcMessageGet)
    svcMutexCreate                           0x00005827   Thumb Code    28  rt_cmsis.o(i.svcMutexCreate)
    svcMutexRelease                          0x00005843   Thumb Code    34  rt_cmsis.o(i.svcMutexRelease)
    svcMutexWait                             0x00005865   Thumb Code    58  rt_cmsis.o(i.svcMutexWait)
    svcSemaphoreCreate                       0x0000589f   Thumb Code    36  rt_cmsis.o(i.svcSemaphoreCreate)
    svcSemaphoreRelease                      0x000058c3   Thumb Code    40  rt_cmsis.o(i.svcSemaphoreRelease)
    svcSemaphoreWait                         0x000058eb   Thumb Code    50  rt_cmsis.o(i.svcSemaphoreWait)
    svcThreadCreate                          0x0000591d   Thumb Code    96  rt_cmsis.o(i.svcThreadCreate)
    svcThreadGetId                           0x00005989   Thumb Code    22  rt_cmsis.o(i.svcThreadGetId)
    svcThreadTerminate                       0x000059a5   Thumb Code    50  rt_cmsis.o(i.svcThreadTerminate)
    svcTimerCall                             0x000059dd   Thumb Code    24  rt_cmsis.o(i.svcTimerCall)
    sysTimerTick                             0x000059f5   Thumb Code    84  rt_cmsis.o(i.sysTimerTick)
    _get_lc_ctype                            0x00005a51   Thumb Code    44  lc_ctype_c.o(locale$$code)
    CMSIS_RTOS_API_Version                   0x00005ac0   Data           4  rtx_conf_cm.o(.rodata.CMSIS_RTOS_API_Version)
    CMSIS_RTOS_RTX_Version                   0x00005ac4   Data           4  rtx_conf_cm.o(.rodata.CMSIS_RTOS_RTX_Version)
    Driver_SPI1                              0x00005ac8   Data          44  ssp_lpc17xx.o(.rodata.Driver_SPI1)
    GLCD_Font_16x24                          0x00006ff4   Data          16  glcd_fonts.o(.rodata.GLCD_Font_16x24)
    mp_stk_size                              0x00007040   Data           4  rtx_conf_cm.o(.rodata.mp_stk_size)
    mp_tcb_size                              0x00007044   Data           2  rtx_conf_cm.o(.rodata.mp_tcb_size)
    mp_tmr_size                              0x00007046   Data           2  rtx_conf_cm.o(.rodata.mp_tmr_size)
    os_clockrate                             0x00007048   Data           4  rtx_conf_cm.o(.rodata.os_clockrate)
    os_fifo_size                             0x0000704c   Data           1  rtx_conf_cm.o(.rodata.os_fifo_size)
    os_flags                                 0x0000704d   Data           1  rtx_conf_cm.o(.rodata.os_flags)
    os_maxtaskrun                            0x0000704e   Data           2  rtx_conf_cm.o(.rodata.os_maxtaskrun)
    os_messageQ_def_osTimerMessageQ          0x00007050   Data           8  rtx_conf_cm.o(.rodata.os_messageQ_def_osTimerMessageQ)
    os_mutex_def_adc_mutex                   0x00007058   Data           4  main.o(.rodata.os_mutex_def_adc_mutex)
    os_mutex_def_glcd_mutex                  0x0000705c   Data           4  main.o(.rodata.os_mutex_def_glcd_mutex)
    os_mutex_def_uart_mutex                  0x00007060   Data           4  main.o(.rodata.os_mutex_def_uart_mutex)
    os_rrobin                                0x00007064   Data           4  rtx_conf_cm.o(.rodata.os_rrobin)
    os_semaphore_def_heater_sem              0x00007068   Data           4  main.o(.rodata.os_semaphore_def_heater_sem)
    os_semaphore_def_light_sem               0x0000706c   Data           4  main.o(.rodata.os_semaphore_def_light_sem)
    os_semaphore_def_sprinkler_sem           0x00007070   Data           4  main.o(.rodata.os_semaphore_def_sprinkler_sem)
    os_stack_sz                              0x00007074   Data           4  rtx_conf_cm.o(.rodata.os_stack_sz)
    os_stackinfo                             0x00007078   Data           4  rtx_conf_cm.o(.rodata.os_stackinfo)
    os_thread_def_control_thread             0x0000707c   Data          16  main.o(.rodata.os_thread_def_control_thread)
    os_thread_def_main                       0x0000708c   Data          16  rtx_conf_cm.o(.rodata.os_thread_def_main)
    os_thread_def_menu_thread                0x0000709c   Data          16  main.o(.rodata.os_thread_def_menu_thread)
    os_thread_def_monitor_thread             0x000070ac   Data          16  main.o(.rodata.os_thread_def_monitor_thread)
    os_thread_def_osTimerThread              0x000070bc   Data          16  rtx_conf_cm.o(.rodata.os_thread_def_osTimerThread)
    os_thread_def_sensor_thread              0x000070cc   Data          16  main.o(.rodata.os_thread_def_sensor_thread)
    os_thread_def_timer_monitor_thread       0x000070dc   Data          16  main.o(.rodata.os_thread_def_timer_monitor_thread)
    os_thread_def_uart_receive_thread        0x000070ec   Data          16  main.o(.rodata.os_thread_def_uart_receive_thread)
    os_thread_def_uart_thread                0x000070fc   Data          16  main.o(.rodata.os_thread_def_uart_thread)
    os_timernum                              0x0000710c   Data           4  rtx_conf_cm.o(.rodata.os_timernum)
    os_trv                                   0x00007110   Data           4  rtx_conf_cm.o(.rodata.os_trv)
    Region$$Table$$Base                      0x00007398   Number         0  anon$$obj.o(Region$$Table)
    Region$$Table$$Limit                     0x000073b8   Number         0  anon$$obj.o(Region$$Table)
    __ctype                                  0x000073c5   Data           0  lc_ctype_c.o(locale$$data)
    __ARM_use_no_argv                        0x10000000   Data           4  main.o(.ARM.use_no_argv)
    os_initialized                           0x10000004   Data           1  rt_cmsis.o(.data)
    os_running                               0x10000005   Data           1  rt_cmsis.o(.data)
    os_timer_head                            0x10000008   Data           4  rt_cmsis.o(.data)
    os_tsk                                   0x1000000c   Data           8  rt_task.o(.data)
    os_tick_irqn                             0x10000018   Data           4  rt_system.o(.data)
    os_time                                  0x1000001c   Data           4  rt_time.o(.data)
    os_robin                                 0x10000020   Data           8  rt_robin.o(.data)
    dbg_msg                                  0x10000028   Data           1  hal_cm.o(.data)
    SystemCoreClock                          0x10000038   Data           4  system_lpc17xx.o(.data.SystemCoreClock)
    os_idle_TCB                              0x10000080   Data          52  rt_task.o(.bss)
    os_rdy                                   0x100000b4   Data          24  rt_list.o(.bss)
    os_dly                                   0x100000cc   Data          24  rt_list.o(.bss)
    __libspace_start                         0x100000e4   Data          96  libspace.o(.bss)
    __temporary_stack_top$libspace           0x10000144   Data           0  libspace.o(.bss)
    m_tmr                                    0x100001fc   Data           4  rtx_conf_cm.o(.bss.m_tmr)
    mp_stk                                   0x10000200   Data       12304  rtx_conf_cm.o(.bss.mp_stk)
    mp_tcb                                   0x10003210   Data         688  rtx_conf_cm.o(.bss.mp_tcb)
    osMessageQId_osTimerMessageQ             0x100034c0   Data           4  rtx_conf_cm.o(.bss.osMessageQId_osTimerMessageQ)
    osThreadId_osTimerThread                 0x100034c4   Data           4  rtx_conf_cm.o(.bss.osThreadId_osTimerThread)
    os_active_TCB                            0x100034c8   Data          52  rtx_conf_cm.o(.bss.os_active_TCB)
    os_fifo                                  0x100034fc   Data         132  rtx_conf_cm.o(.bss.os_fifo)
    os_messageQ_q_osTimerMessageQ            0x10003580   Data          32  rtx_conf_cm.o(.bss.os_messageQ_q_osTimerMessageQ)
    os_mutex_cb_adc_mutex                    0x100035a0   Data          16  main.o(.bss.os_mutex_cb_adc_mutex)
    os_mutex_cb_glcd_mutex                   0x100035b0   Data          16  main.o(.bss.os_mutex_cb_glcd_mutex)
    os_mutex_cb_uart_mutex                   0x100035c0   Data          16  main.o(.bss.os_mutex_cb_uart_mutex)
    os_semaphore_cb_heater_sem               0x100035d0   Data           8  main.o(.bss.os_semaphore_cb_heater_sem)
    os_semaphore_cb_light_sem                0x100035d8   Data           8  main.o(.bss.os_semaphore_cb_light_sem)
    os_semaphore_cb_sprinkler_sem            0x100035e0   Data           8  main.o(.bss.os_semaphore_cb_sprinkler_sem)
    os_stack_mem                             0x100035e8   Data        1256  rtx_conf_cm.o(.bss.os_stack_mem)



==============================================================================

Memory Map of the image

  Image Entry point : 0x00000301

  Load Region LR_1 (Base: 0x00000000, Size: 0x00007548, Max: 0xffffffff, ABSOLUTE)

    Execution Region ER_RO (Exec base: 0x00000000, Load base: 0x00000000, Size: 0x000074c8, Max: 0xffffffff, ABSOLUTE)

    Exec Addr    Load Addr    Size         Type   Attr      Idx    E Section Name        Object

    0x00000000   0x00000000   0x000000cc   Data   RO          486    RESET               startup_lpc17xx.o
    0x000000cc   0x000000cc   0x00000008   Code   RO         1819  * !!!main             c_w.l(__main.o)
    0x000000d4   0x000000d4   0x00000034   Code   RO         2039    !!!scatter          c_w.l(__scatter.o)
    0x00000108   0x00000108   0x0000001a   Code   RO         2041    !!handler_copy      c_w.l(__scatter_copy.o)
    0x00000122   0x00000122   0x00000002   PAD
    0x00000124   0x00000124   0x0000001c   Code   RO         2043    !!handler_zi        c_w.l(__scatter_zi.o)
    0x00000140   0x00000140   0x00000000   Code   RO         1802    .ARM.Collect$$_printf_percent$$00000000  c_w.l(_printf_percent.o)
    0x00000140   0x00000140   0x00000006   Code   RO         1795    .ARM.Collect$$_printf_percent$$00000001  c_w.l(_printf_n.o)
    0x00000146   0x00000146   0x00000006   Code   RO         1797    .ARM.Collect$$_printf_percent$$00000002  c_w.l(_printf_p.o)
    0x0000014c   0x0000014c   0x00000006   Code   RO         1799    .ARM.Collect$$_printf_percent$$00000008  c_w.l(_printf_i.o)
    0x00000152   0x00000152   0x00000006   Code   RO         1800    .ARM.Collect$$_printf_percent$$00000009  c_w.l(_printf_d.o)
    0x00000158   0x00000158   0x00000006   Code   RO         1801    .ARM.Collect$$_printf_percent$$0000000A  c_w.l(_printf_u.o)
    0x0000015e   0x0000015e   0x00000006   Code   RO         1798    .ARM.Collect$$_printf_percent$$0000000B  c_w.l(_printf_o.o)
    0x00000164   0x00000164   0x00000006   Code   RO         1796    .ARM.Collect$$_printf_percent$$0000000C  c_w.l(_printf_x.o)
    0x0000016a   0x0000016a   0x0000000a   Code   RO         1846    .ARM.Collect$$_printf_percent$$00000012  c_w.l(_printf_l.o)
    0x00000174   0x00000174   0x00000006   Code   RO         1793    .ARM.Collect$$_printf_percent$$00000013  c_w.l(_printf_c.o)
    0x0000017a   0x0000017a   0x00000006   Code   RO         1794    .ARM.Collect$$_printf_percent$$00000014  c_w.l(_printf_s.o)
    0x00000180   0x00000180   0x00000006   Code   RO         1803    .ARM.Collect$$_printf_percent$$00000015  c_w.l(_printf_lc.o)
    0x00000186   0x00000186   0x00000004   Code   RO         1845    .ARM.Collect$$_printf_percent$$00000017  c_w.l(_printf_percent_end.o)
    0x0000018a   0x0000018a   0x00000002   Code   RO         1906    .ARM.Collect$$libinit$$00000000  c_w.l(libinit.o)
    0x0000018c   0x0000018c   0x00000000   Code   RO         1916    .ARM.Collect$$libinit$$00000002  c_w.l(libinit2.o)
    0x0000018c   0x0000018c   0x00000000   Code   RO         1918    .ARM.Collect$$libinit$$00000004  c_w.l(libinit2.o)
    0x0000018c   0x0000018c   0x00000000   Code   RO         1921    .ARM.Collect$$libinit$$0000000A  c_w.l(libinit2.o)
    0x0000018c   0x0000018c   0x00000000   Code   RO         1923    .ARM.Collect$$libinit$$0000000C  c_w.l(libinit2.o)
    0x0000018c   0x0000018c   0x00000000   Code   RO         1925    .ARM.Collect$$libinit$$0000000E  c_w.l(libinit2.o)
    0x0000018c   0x0000018c   0x00000006   Code   RO         1926    .ARM.Collect$$libinit$$0000000F  c_w.l(libinit2.o)
    0x00000192   0x00000192   0x00000000   Code   RO         1928    .ARM.Collect$$libinit$$00000011  c_w.l(libinit2.o)
    0x00000192   0x00000192   0x0000000c   Code   RO         1929    .ARM.Collect$$libinit$$00000012  c_w.l(libinit2.o)
    0x0000019e   0x0000019e   0x00000000   Code   RO         1930    .ARM.Collect$$libinit$$00000013  c_w.l(libinit2.o)
    0x0000019e   0x0000019e   0x00000000   Code   RO         1932    .ARM.Collect$$libinit$$00000015  c_w.l(libinit2.o)
    0x0000019e   0x0000019e   0x00000000   Code   RO         1934    .ARM.Collect$$libinit$$00000017  c_w.l(libinit2.o)
    0x0000019e   0x0000019e   0x00000000   Code   RO         1936    .ARM.Collect$$libinit$$00000019  c_w.l(libinit2.o)
    0x0000019e   0x0000019e   0x00000000   Code   RO         1938    .ARM.Collect$$libinit$$0000001B  c_w.l(libinit2.o)
    0x0000019e   0x0000019e   0x00000000   Code   RO         1940    .ARM.Collect$$libinit$$0000001D  c_w.l(libinit2.o)
    0x0000019e   0x0000019e   0x00000000   Code   RO         1942    .ARM.Collect$$libinit$$0000001F  c_w.l(libinit2.o)
    0x0000019e   0x0000019e   0x00000000   Code   RO         1944    .ARM.Collect$$libinit$$00000021  c_w.l(libinit2.o)
    0x0000019e   0x0000019e   0x00000000   Code   RO         1946    .ARM.Collect$$libinit$$00000023  c_w.l(libinit2.o)
    0x0000019e   0x0000019e   0x00000000   Code   RO         1948    .ARM.Collect$$libinit$$00000025  c_w.l(libinit2.o)
    0x0000019e   0x0000019e   0x00000000   Code   RO         1952    .ARM.Collect$$libinit$$0000002C  c_w.l(libinit2.o)
    0x0000019e   0x0000019e   0x00000000   Code   RO         1954    .ARM.Collect$$libinit$$0000002E  c_w.l(libinit2.o)
    0x0000019e   0x0000019e   0x00000000   Code   RO         1956    .ARM.Collect$$libinit$$00000030  c_w.l(libinit2.o)
    0x0000019e   0x0000019e   0x00000000   Code   RO         1958    .ARM.Collect$$libinit$$00000032  c_w.l(libinit2.o)
    0x0000019e   0x0000019e   0x00000002   Code   RO         1959    .ARM.Collect$$libinit$$00000033  c_w.l(libinit2.o)
    0x000001a0   0x000001a0   0x00000002   Code   RO         1994    .ARM.Collect$$libshutdown$$00000000  c_w.l(libshutdown.o)
    0x000001a2   0x000001a2   0x00000000   Code   RO         2022    .ARM.Collect$$libshutdown$$00000002  c_w.l(libshutdown2.o)
    0x000001a2   0x000001a2   0x00000000   Code   RO         2024    .ARM.Collect$$libshutdown$$00000004  c_w.l(libshutdown2.o)
    0x000001a2   0x000001a2   0x00000000   Code   RO         2027    .ARM.Collect$$libshutdown$$00000007  c_w.l(libshutdown2.o)
    0x000001a2   0x000001a2   0x00000000   Code   RO         2030    .ARM.Collect$$libshutdown$$0000000A  c_w.l(libshutdown2.o)
    0x000001a2   0x000001a2   0x00000000   Code   RO         2032    .ARM.Collect$$libshutdown$$0000000C  c_w.l(libshutdown2.o)
    0x000001a2   0x000001a2   0x00000000   Code   RO         2035    .ARM.Collect$$libshutdown$$0000000F  c_w.l(libshutdown2.o)
    0x000001a2   0x000001a2   0x00000002   Code   RO         2036    .ARM.Collect$$libshutdown$$00000010  c_w.l(libshutdown2.o)
    0x000001a4   0x000001a4   0x00000000   Code   RO         1821    .ARM.Collect$$rtentry$$00000000  c_w.l(__rtentry.o)
    0x000001a4   0x000001a4   0x00000000   Code   RO         1856    .ARM.Collect$$rtentry$$00000002  c_w.l(__rtentry2.o)
    0x000001a4   0x000001a4   0x00000006   Code   RO         1868    .ARM.Collect$$rtentry$$00000004  c_w.l(__rtentry4.o)
    0x000001aa   0x000001aa   0x00000000   Code   RO         1858    .ARM.Collect$$rtentry$$00000009  c_w.l(__rtentry2.o)
    0x000001aa   0x000001aa   0x00000004   Code   RO         1859    .ARM.Collect$$rtentry$$0000000A  c_w.l(__rtentry2.o)
    0x000001ae   0x000001ae   0x00000008   Code   RO         1860    .ARM.Collect$$rtentry$$0000000B  c_w.l(__rtentry2.o)
    0x000001b6   0x000001b6   0x00000008   Code   RO         1862    .ARM.Collect$$rtentry$$0000000D  c_w.l(__rtentry2.o)
    0x000001be   0x000001be   0x00000002   Code   RO         1907    .ARM.Collect$$rtexit$$00000000  c_w.l(rtexit.o)
    0x000001c0   0x000001c0   0x00000000   Code   RO         1965    .ARM.Collect$$rtexit$$00000002  c_w.l(rtexit2.o)
    0x000001c0   0x000001c0   0x00000004   Code   RO         1966    .ARM.Collect$$rtexit$$00000003  c_w.l(rtexit2.o)
    0x000001c4   0x000001c4   0x00000006   Code   RO         1967    .ARM.Collect$$rtexit$$00000004  c_w.l(rtexit2.o)
    0x000001ca   0x000001ca   0x00000002   PAD
    0x000001cc   0x000001cc   0x00000130   Code   RO         1707    .emb_text           RTX_CM3.lib(hal_cm3.o)
    0x000002fc   0x000002fc   0x00000004   Code   RO          487    .ARM.__at_0x02FC    startup_lpc17xx.o
    0x00000300   0x00000300   0x0000003c   Code   RO          488  * .text               startup_lpc17xx.o
    0x0000033c   0x0000033c   0x00000008   Code   RO         1722    .text               c_w.l(libspace.o)
    0x00000344   0x00000344   0x000000f0   Code   RO         1725    .text               c_w.l(lludivv7m.o)
    0x00000434   0x00000434   0x00000034   Code   RO         1729    .text               c_w.l(noretval__2snprintf.o)
    0x00000468   0x00000468   0x0000004e   Code   RO         1733    .text               c_w.l(_printf_pad.o)
    0x000004b6   0x000004b6   0x00000024   Code   RO         1735    .text               c_w.l(_printf_truncate.o)
    0x000004da   0x000004da   0x00000052   Code   RO         1737    .text               c_w.l(_printf_str.o)
    0x0000052c   0x0000052c   0x00000078   Code   RO         1739    .text               c_w.l(_printf_dec.o)
    0x000005a4   0x000005a4   0x00000028   Code   RO         1741    .text               c_w.l(_printf_charcount.o)
    0x000005cc   0x000005cc   0x000000bc   Code   RO         1743    .text               c_w.l(_printf_wctomb.o)
    0x00000688   0x00000688   0x00000054   Code   RO         1748    .text               c_w.l(_printf_oct_int.o)
    0x000006dc   0x000006dc   0x0000007c   Code   RO         1764    .text               c_w.l(_printf_hex_int_ptr.o)
    0x00000758   0x00000758   0x00000188   Code   RO         1790    .text               c_w.l(__printf_flags_ss_wp.o)
    0x000008e0   0x000008e0   0x0000001a   Code   RO         1804    .text               c_w.l(atoi.o)
    0x000008fa   0x000008fa   0x00000002   PAD
    0x000008fc   0x000008fc   0x0000000c   Code   RO         1806    .text               c_w.l(strtok.o)
    0x00000908   0x00000908   0x00000024   Code   RO         1809    .text               c_w.l(strstr.o)
    0x0000092c   0x0000092c   0x00000058   Code   RO         1811    .text               c_w.l(memcmp.o)
    0x00000984   0x00000984   0x0000008a   Code   RO         1813    .text               c_w.l(rt_memcpy_v6.o)
    0x00000a0e   0x00000a0e   0x00000002   PAD
    0x00000a10   0x00000a10   0x00000080   Code   RO         1815    .text               c_w.l(strcmpv7m.o)
    0x00000a90   0x00000a90   0x00000006   Code   RO         1817    .text               c_w.l(heapauxi.o)
    0x00000a96   0x00000a96   0x00000004   Code   RO         1831    .text               c_w.l(rt_errno_addr_twolibspace.o)
    0x00000a9a   0x00000a9a   0x000000b2   Code   RO         1833    .text               c_w.l(_printf_intcommon.o)
    0x00000b4c   0x00000b4c   0x00000030   Code   RO         1835    .text               c_w.l(_printf_char_common.o)
    0x00000b7c   0x00000b7c   0x0000000a   Code   RO         1837    .text               c_w.l(_sputc.o)
    0x00000b86   0x00000b86   0x00000010   Code   RO         1839    .text               c_w.l(_snputc.o)
    0x00000b96   0x00000b96   0x0000002c   Code   RO         1841    .text               c_w.l(_printf_char.o)
    0x00000bc2   0x00000bc2   0x0000002c   Code   RO         1843    .text               c_w.l(_printf_wchar.o)
    0x00000bee   0x00000bee   0x00000070   Code   RO         1847    .text               c_w.l(strtol.o)
    0x00000c5e   0x00000c5e   0x00000048   Code   RO         1849    .text               c_w.l(_c16rtomb.o)
    0x00000ca6   0x00000ca6   0x00000002   PAD
    0x00000ca8   0x00000ca8   0x00000044   Code   RO         1851    .text               c_w.l(strtok_int.o)
    0x00000cec   0x00000cec   0x00000064   Code   RO         1853    .text               c_w.l(rt_memcpy_w.o)
    0x00000d50   0x00000d50   0x00000010   Code   RO         1870    .text               c_w.l(rt_ctype_table.o)
    0x00000d60   0x00000d60   0x0000009e   Code   RO         1876    .text               c_w.l(_strtoul.o)
    0x00000dfe   0x00000dfe   0x00000020   Code   RO         1878    .text               c_w.l(strcspn.o)
    0x00000e1e   0x00000e1e   0x0000001c   Code   RO         1880    .text               c_w.l(strspn.o)
    0x00000e3a   0x00000e3a   0x0000004a   Code   RO         1882    .text               c_w.l(sys_stackheap_outer.o)
    0x00000e84   0x00000e84   0x0000000a   Code   RO         1889    .text               c_w.l(rt_locale_twolibspace.o)
    0x00000e8e   0x00000e8e   0x0000001c   Code   RO         1891    .text               c_w.l(_chval.o)
    0x00000eaa   0x00000eaa   0x00000012   Code   RO         1896    .text               c_w.l(exit.o)
    0x00000ebc   0x00000ebc   0x0000000c   Code   RO         1960    .text               c_w.l(sys_exit.o)
    0x00000ec8   0x00000ec8   0x00000002   Code   RO         1983    .text               c_w.l(use_no_semi.o)
    0x00000eca   0x00000eca   0x00000000   Code   RO         1985    .text               c_w.l(indicate_semi.o)
    0x00000eca   0x00000eca   0x00000002   PAD
    0x00000ecc   0x00000ecc   0x00000020   Code   RO          427    .text.Clear_Channel_active_flag  gpdma_lpc17xx.o
    0x00000eec   0x00000eec   0x0000005a   Code   RO          437    .text.DMA_IRQHandler  gpdma_lpc17xx.o
    0x00000f46   0x00000f46   0x00000002   PAD
    0x00000f48   0x00000f48   0x0000002e   Code   RO          136    .text.GLCD_ClearScreen  glcd_mcb1700.o
    0x00000f76   0x00000f76   0x00000002   PAD
    0x00000f78   0x00000f78   0x000000bc   Code   RO          158    .text.GLCD_DrawChar  glcd_mcb1700.o
    0x00001034   0x00001034   0x00000036   Code   RO          160    .text.GLCD_DrawString  glcd_mcb1700.o
    0x0000106a   0x0000106a   0x00000002   PAD
    0x0000106c   0x0000106c   0x00000580   Code   RO          122    .text.GLCD_Initialize  glcd_mcb1700.o
    0x000015ec   0x000015ec   0x00000010   Code   RO          134    .text.GLCD_SetBackgroundColor  glcd_mcb1700.o
    0x000015fc   0x000015fc   0x00000010   Code   RO          146    .text.GLCD_SetFont  glcd_mcb1700.o
    0x0000160c   0x0000160c   0x00000010   Code   RO          132    .text.GLCD_SetForegroundColor  glcd_mcb1700.o
    0x0000161c   0x0000161c   0x000000b0   Code   RO          116    .text.GLCD_SetWindow  glcd_mcb1700.o
    0x000016cc   0x000016cc   0x00000012   Code   RO          120    .text.GLCD_WindowMax  glcd_mcb1700.o
    0x000016de   0x000016de   0x00000002   PAD
    0x000016e0   0x000016e0   0x00000014   Code   RO          457    .text.GPIO_PinRead  gpio_lpc17xx.o
    0x000016f4   0x000016f4   0x0000001c   Code   RO          455    .text.GPIO_PinWrite  gpio_lpc17xx.o
    0x00001710   0x00001710   0x0000001a   Code   RO          451    .text.GPIO_PortClock  gpio_lpc17xx.o
    0x0000172a   0x0000172a   0x00000002   PAD
    0x0000172c   0x0000172c   0x00000022   Code   RO          453    .text.GPIO_SetDir   gpio_lpc17xx.o
    0x0000174e   0x0000174e   0x00000002   PAD
    0x00001750   0x00001750   0x00000034   Code   RO          391    .text.GetSSPClockFreq  ssp_lpc17xx.o
    0x00001784   0x00001784   0x00000074   Code   RO          471    .text.PIN_Configure  pin_lpc17xx.o
    0x000017f8   0x000017f8   0x00000104   Code   RO          287    .text.SPI_IRQHandler  spi_lpc17xx.o
    0x000018fc   0x000018fc   0x00000008   Code   RO          365    .text.SSP1_Control  ssp_lpc17xx.o
    0x00001904   0x00001904   0x00000008   Code   RO          363    .text.SSP1_GetDataCount  ssp_lpc17xx.o
    0x0000190c   0x0000190c   0x00000008   Code   RO          367    .text.SSP1_GetStatus  ssp_lpc17xx.o
    0x00001914   0x00001914   0x00000008   Code   RO          343    .text.SSP1_IRQHandler  ssp_lpc17xx.o
    0x0000191c   0x0000191c   0x0000000a   Code   RO          351    .text.SSP1_Initialize  ssp_lpc17xx.o
    0x00001926   0x00001926   0x00000002   PAD
    0x00001928   0x00001928   0x00000008   Code   RO          355    .text.SSP1_PowerControl  ssp_lpc17xx.o
    0x00001930   0x00001930   0x00000008   Code   RO          359    .text.SSP1_Receive  ssp_lpc17xx.o
    0x00001938   0x00001938   0x00000008   Code   RO          357    .text.SSP1_Send     ssp_lpc17xx.o
    0x00001940   0x00001940   0x00000008   Code   RO          361    .text.SSP1_Transfer  ssp_lpc17xx.o
    0x00001948   0x00001948   0x0000000a   Code   RO          353    .text.SSP1_Uninitialize  ssp_lpc17xx.o
    0x00001952   0x00001952   0x00000002   PAD
    0x00001954   0x00001954   0x00000004   Code   RO          349    .text.SSP_GetCapabilities  ssp_lpc17xx.o
    0x00001958   0x00001958   0x0000000a   Code   RO          347    .text.SSP_GetVersion  ssp_lpc17xx.o
    0x00001962   0x00001962   0x00000002   PAD
    0x00001964   0x00001964   0x000003b8   Code   RO          389    .text.SSPx_Control  ssp_lpc17xx.o
    0x00001d1c   0x00001d1c   0x0000001c   Code   RO          387    .text.SSPx_GetDataCount  ssp_lpc17xx.o
    0x00001d38   0x00001d38   0x00000020   Code   RO          393    .text.SSPx_GetStatus  ssp_lpc17xx.o
    0x00001d58   0x00001d58   0x000000ce   Code   RO          345    .text.SSPx_IRQHandler  ssp_lpc17xx.o
    0x00001e26   0x00001e26   0x00000002   PAD
    0x00001e28   0x00001e28   0x0000007a   Code   RO          369    .text.SSPx_Initialize  ssp_lpc17xx.o
    0x00001ea2   0x00001ea2   0x00000002   PAD
    0x00001ea4   0x00001ea4   0x000000f0   Code   RO          373    .text.SSPx_PowerControl  ssp_lpc17xx.o
    0x00001f94   0x00001f94   0x00000056   Code   RO          383    .text.SSPx_Receive  ssp_lpc17xx.o
    0x00001fea   0x00001fea   0x00000002   PAD
    0x00001fec   0x00001fec   0x00000056   Code   RO          381    .text.SSPx_Send     ssp_lpc17xx.o
    0x00002042   0x00002042   0x00000002   PAD
    0x00002044   0x00002044   0x00000066   Code   RO          385    .text.SSPx_Transfer  ssp_lpc17xx.o
    0x000020aa   0x000020aa   0x00000002   PAD
    0x000020ac   0x000020ac   0x0000006c   Code   RO          371    .text.SSPx_Uninitialize  ssp_lpc17xx.o
    0x00002118   0x00002118   0x000000f8   Code   RO          497    .text.SystemCoreClockUpdate  system_lpc17xx.o
    0x00002210   0x00002210   0x000000cc   Code   RO          499    .text.SystemInit    system_lpc17xx.o
    0x000022dc   0x000022dc   0x0000001c   Code   RO           14    .text.TIMER1_IRQHandler  main.o
    0x000022f8   0x000022f8   0x00000010   Code   RO          377    .text.__NVIC_ClearPendingIRQ  ssp_lpc17xx.o
    0x00002308   0x00002308   0x00000018   Code   RO          375    .text.__NVIC_DisableIRQ  ssp_lpc17xx.o
    0x00002320   0x00002320   0x0000000e   Code   RO           12    .text.__NVIC_EnableIRQ  main.o
    0x0000232e   0x0000232e   0x00000002   PAD
    0x00002330   0x00002330   0x00000010   Code   RO          379    .text.__NVIC_EnableIRQ  ssp_lpc17xx.o
    0x00002340   0x00002340   0x0000003a   Code   RO          230    .text.__user_perthread_libspace  rtx_conf_cm.o
    0x0000237a   0x0000237a   0x00000002   PAD
    0x0000237c   0x0000237c   0x00000022   Code   RO          234    .text._mutex_acquire  rtx_conf_cm.o
    0x0000239e   0x0000239e   0x00000002   PAD
    0x000023a0   0x000023a0   0x0000001e   Code   RO          236    .text._mutex_release  rtx_conf_cm.o
    0x000023be   0x000023be   0x00000002   PAD
    0x000023c0   0x000023c0   0x0000001a   Code   RO          244    .text._platform_post_lib_init  rtx_conf_cm.o
    0x000023da   0x000023da   0x00000002   PAD
    0x000023dc   0x000023dc   0x0000038c   Code   RO           46    .text.adjust_durations  main.o
    0x00002768   0x00002768   0x0000029c   Code   RO           44    .text.adjust_threshold  main.o
    0x00002a04   0x00002a04   0x00000360   Code   RO           42    .text.control_actuators  main.o
    0x00002d64   0x00002d64   0x00000054   Code   RO           34    .text.control_thread  main.o
    0x00002db8   0x00002db8   0x00000540   Code   RO           48    .text.control_timers  main.o
    0x000032f8   0x000032f8   0x00000032   Code   RO          128    .text.delay_ms      glcd_mcb1700.o
    0x0000332a   0x0000332a   0x00000002   PAD
    0x0000332c   0x0000332c   0x00000280   Code   RO           38    .text.display_menu  main.o
    0x000035ac   0x000035ac   0x00000034   Code   RO            4    .text.init_adc      main.o
    0x000035e0   0x000035e0   0x0000003e   Code   RO            6    .text.init_gpio     main.o
    0x0000361e   0x0000361e   0x00000002   PAD
    0x00003620   0x00003620   0x00000014   Code   RO            2    .text.init_hardware  main.o
    0x00003634   0x00003634   0x0000003e   Code   RO           10    .text.init_timer    main.o
    0x00003672   0x00003672   0x00000002   PAD
    0x00003674   0x00003674   0x00000094   Code   RO            8    .text.init_uart     main.o
    0x00003708   0x00003708   0x0000010a   Code   RO           52    .text.main          main.o
    0x00003812   0x00003812   0x00000002   PAD
    0x00003814   0x00003814   0x00000124   Code   RO           50    .text.menu_thread   main.o
    0x00003938   0x00003938   0x00000076   Code   RO           32    .text.monitor_thread  main.o
    0x000039ae   0x000039ae   0x00000002   PAD
    0x000039b0   0x000039b0   0x00000002   Code   RO          228    .text.os_error      rtx_conf_cm.o
    0x000039b2   0x000039b2   0x00000002   PAD
    0x000039b4   0x000039b4   0x00000002   Code   RO          226    .text.os_idle_demon  rtx_conf_cm.o
    0x000039b6   0x000039b6   0x00000002   PAD
    0x000039b8   0x000039b8   0x0000003a   Code   RO          174    .text.rd_dat        glcd_mcb1700.o
    0x000039f2   0x000039f2   0x00000002   PAD
    0x000039f4   0x000039f4   0x000000ac   Code   RO          124    .text.rd_id_man     glcd_mcb1700.o
    0x00003aa0   0x00003aa0   0x0000000e   Code   RO          126    .text.rd_reg        glcd_mcb1700.o
    0x00003aae   0x00003aae   0x00000002   PAD
    0x00003ab0   0x00003ab0   0x00000034   Code   RO           20    .text.read_adc_channel  main.o
    0x00003ae4   0x00003ae4   0x0000003c   Code   RO           22    .text.read_joystick  main.o
    0x00003b20   0x00003b20   0x0000003c   Code   RO           18    .text.send_uart_string  main.o
    0x00003b5c   0x00003b5c   0x000000e0   Code   RO           26    .text.sensor_thread  main.o
    0x00003c3c   0x00003c3c   0x000001b8   Code   RO           40    .text.show_sensors  main.o
    0x00003df4   0x00003df4   0x0000002e   Code   RO          176    .text.spi_tran      glcd_mcb1700.o
    0x00003e22   0x00003e22   0x00000002   PAD
    0x00003e24   0x00003e24   0x0000006e   Code   RO          172    .text.spi_tran_man  glcd_mcb1700.o
    0x00003e92   0x00003e92   0x00000002   PAD
    0x00003e94   0x00003e94   0x0000008c   Code   RO           30    .text.timer_monitor_thread  main.o
    0x00003f20   0x00003f20   0x00000022   Code   RO           24    .text.toggle_actuator  main.o
    0x00003f42   0x00003f42   0x00000002   PAD
    0x00003f44   0x00003f44   0x0000034c   Code   RO           36    .text.uart_receive_thread  main.o
    0x00004290   0x00004290   0x0000009c   Code   RO           28    .text.uart_thread   main.o
    0x0000432c   0x0000432c   0x0000003a   Code   RO           16    .text.update_time   main.o
    0x00004366   0x00004366   0x00000002   PAD
    0x00004368   0x00004368   0x0000003c   Code   RO          138    .text.wr_cmd        glcd_mcb1700.o
    0x000043a4   0x000043a4   0x0000002a   Code   RO          142    .text.wr_dat_only   glcd_mcb1700.o
    0x000043ce   0x000043ce   0x00000002   PAD
    0x000043d0   0x000043d0   0x0000001a   Code   RO          140    .text.wr_dat_start  glcd_mcb1700.o
    0x000043ea   0x000043ea   0x00000002   PAD
    0x000043ec   0x000043ec   0x00000014   Code   RO          144    .text.wr_dat_stop   glcd_mcb1700.o
    0x00004400   0x00004400   0x00000070   Code   RO          118    .text.wr_reg        glcd_mcb1700.o
    0x00004470   0x00004470   0x00000004   Code   RO         1717    SVC_TABLE           RTX_CM3.lib(svc_table.o)
    0x00004474   0x00004474   0x00000046   Code   RO         1606    i._init_box         RTX_CM3.lib(rt_membox.o)
    0x000044ba   0x000044ba   0x0000000e   Code   RO         1783    i._is_digit         c_w.l(__printf_wp.o)
    0x000044c8   0x000044c8   0x00000030   Code   RO         1659    i.dbg_init          RTX_CM3.lib(hal_cm.o)
    0x000044f8   0x000044f8   0x00000020   Code   RO         1660    i.dbg_task_notify   RTX_CM3.lib(hal_cm.o)
    0x00004518   0x00004518   0x00000010   Code   RO         1661    i.dbg_task_switch   RTX_CM3.lib(hal_cm.o)
    0x00004528   0x00004528   0x0000002a   Code   RO          511    i.isrMessageGet     RTX_CM3.lib(rt_cmsis.o)
    0x00004552   0x00004552   0x0000002c   Code   RO          512    i.isrMessagePut     RTX_CM3.lib(rt_cmsis.o)
    0x0000457e   0x0000457e   0x00000028   Code   RO          513    i.isrSemaphoreRelease  RTX_CM3.lib(rt_cmsis.o)
    0x000045a6   0x000045a6   0x00000002   PAD
    0x000045a8   0x000045a8   0x00000056   Code   RO         1461    i.isr_mbx_receive   RTX_CM3.lib(rt_mailbox.o)
    0x000045fe   0x000045fe   0x0000000e   Code   RO         1462    i.isr_mbx_send      RTX_CM3.lib(rt_mailbox.o)
    0x0000460c   0x0000460c   0x00000010   Code   RO         1509    i.isr_sem_send      RTX_CM3.lib(rt_semaphore.o)
    0x0000461c   0x0000461c   0x00000018   Code   RO          515    i.osDelay           RTX_CM3.lib(rt_cmsis.o)
    0x00004634   0x00004634   0x00000024   Code   RO          516    i.osKernelInitialize  RTX_CM3.lib(rt_cmsis.o)
    0x00004658   0x00004658   0x0000006c   Code   RO          518    i.osKernelStart     RTX_CM3.lib(rt_cmsis.o)
    0x000046c4   0x000046c4   0x00000018   Code   RO          519    i.osKernelSysTick   RTX_CM3.lib(rt_cmsis.o)
    0x000046dc   0x000046dc   0x00000018   Code   RO          527    i.osMessageGet      RTX_CM3.lib(rt_cmsis.o)
    0x000046f4   0x000046f4   0x0000002c   Code   RO          529    i.osMutexCreate     RTX_CM3.lib(rt_cmsis.o)
    0x00004720   0x00004720   0x00000018   Code   RO          531    i.osMutexRelease    RTX_CM3.lib(rt_cmsis.o)
    0x00004738   0x00004738   0x00000018   Code   RO          532    i.osMutexWait       RTX_CM3.lib(rt_cmsis.o)
    0x00004750   0x00004750   0x0000002c   Code   RO          537    i.osSemaphoreCreate  RTX_CM3.lib(rt_cmsis.o)
    0x0000477c   0x0000477c   0x00000018   Code   RO          539    i.osSemaphoreRelease  RTX_CM3.lib(rt_cmsis.o)
    0x00004794   0x00004794   0x00000018   Code   RO          540    i.osSemaphoreWait   RTX_CM3.lib(rt_cmsis.o)
    0x000047ac   0x000047ac   0x0000002c   Code   RO          544    i.osThreadCreate    RTX_CM3.lib(rt_cmsis.o)
    0x000047d8   0x000047d8   0x00000018   Code   RO          545    i.osThreadExit      RTX_CM3.lib(rt_cmsis.o)
    0x000047f0   0x000047f0   0x0000000c   Code   RO          551    i.osTimerCall       RTX_CM3.lib(rt_cmsis.o)
    0x000047fc   0x000047fc   0x0000002c   Code   RO          556    i.osTimerThread     RTX_CM3.lib(rt_cmsis.o)
    0x00004828   0x00004828   0x00000028   Code   RO         1253    i.os_tick_init      RTX_CM3.lib(rt_system.o)
    0x00004850   0x00004850   0x00000002   Code   RO         1254    i.os_tick_irqack    RTX_CM3.lib(rt_system.o)
    0x00004852   0x00004852   0x00000002   PAD
    0x00004854   0x00004854   0x00000010   Code   RO         1255    i.os_tick_ovf       RTX_CM3.lib(rt_system.o)
    0x00004864   0x00004864   0x00000014   Code   RO         1256    i.os_tick_val       RTX_CM3.lib(rt_system.o)
    0x00004878   0x00004878   0x0000001a   Code   RO         1607    i.rt_alloc_box      RTX_CM3.lib(rt_membox.o)
    0x00004892   0x00004892   0x0000003e   Code   RO         1635    i.rt_alloc_mem      RTX_CM3.lib(rt_memory.o)
    0x000048d0   0x000048d0   0x00000038   Code   RO         1134    i.rt_block          RTX_CM3.lib(rt_task.o)
    0x00004908   0x00004908   0x00000048   Code   RO         1584    i.rt_chk_robin      RTX_CM3.lib(rt_robin.o)
    0x00004950   0x00004950   0x00000070   Code   RO         1385    i.rt_dec_dly        RTX_CM3.lib(rt_list.o)
    0x000049c0   0x000049c0   0x00000044   Code   RO         1135    i.rt_dispatch       RTX_CM3.lib(rt_task.o)
    0x00004a04   0x00004a04   0x00000006   Code   RO         1551    i.rt_dly_wait       RTX_CM3.lib(rt_time.o)
    0x00004a0a   0x00004a0a   0x00000002   PAD
    0x00004a0c   0x00004a0c   0x00000050   Code   RO         1346    i.rt_evt_psh        RTX_CM3.lib(rt_event.o)
    0x00004a5c   0x00004a5c   0x0000002c   Code   RO         1608    i.rt_free_box       RTX_CM3.lib(rt_membox.o)
    0x00004a88   0x00004a88   0x00000028   Code   RO         1636    i.rt_free_mem       RTX_CM3.lib(rt_memory.o)
    0x00004ab0   0x00004ab0   0x00000028   Code   RO         1386    i.rt_get_first      RTX_CM3.lib(rt_list.o)
    0x00004ad8   0x00004ad8   0x00000008   Code   RO          561    i.rt_id2obj         RTX_CM3.lib(rt_cmsis.o)
    0x00004ae0   0x00004ae0   0x00000048   Code   RO         1136    i.rt_init_context   RTX_CM3.lib(rt_task.o)
    0x00004b28   0x00004b28   0x0000001a   Code   RO         1637    i.rt_init_mem       RTX_CM3.lib(rt_memory.o)
    0x00004b42   0x00004b42   0x00000002   PAD
    0x00004b44   0x00004b44   0x00000018   Code   RO         1585    i.rt_init_robin     RTX_CM3.lib(rt_robin.o)
    0x00004b5c   0x00004b5c   0x00000080   Code   RO         1662    i.rt_init_stack     RTX_CM3.lib(hal_cm.o)
    0x00004bdc   0x00004bdc   0x00000008   Code   RO         1463    i.rt_mbx_check      RTX_CM3.lib(rt_mailbox.o)
    0x00004be4   0x00004be4   0x0000001a   Code   RO         1464    i.rt_mbx_init       RTX_CM3.lib(rt_mailbox.o)
    0x00004bfe   0x00004bfe   0x00000002   PAD
    0x00004c00   0x00004c00   0x000000f0   Code   RO         1465    i.rt_mbx_psh        RTX_CM3.lib(rt_mailbox.o)
    0x00004cf0   0x00004cf0   0x000000b4   Code   RO         1467    i.rt_mbx_wait       RTX_CM3.lib(rt_mailbox.o)
    0x00004da4   0x00004da4   0x00000044   Code   RO          562    i.rt_ms2tick        RTX_CM3.lib(rt_cmsis.o)
    0x00004de8   0x00004de8   0x00000010   Code   RO         1219    i.rt_mut_init       RTX_CM3.lib(rt_mutex.o)
    0x00004df8   0x00004df8   0x000000d8   Code   RO         1220    i.rt_mut_release    RTX_CM3.lib(rt_mutex.o)
    0x00004ed0   0x00004ed0   0x00000078   Code   RO         1221    i.rt_mut_wait       RTX_CM3.lib(rt_mutex.o)
    0x00004f48   0x00004f48   0x0000007c   Code   RO         1257    i.rt_pop_req        RTX_CM3.lib(rt_system.o)
    0x00004fc4   0x00004fc4   0x00000020   Code   RO         1258    i.rt_psh_req        RTX_CM3.lib(rt_system.o)
    0x00004fe4   0x00004fe4   0x0000005c   Code   RO         1388    i.rt_psq_enq        RTX_CM3.lib(rt_list.o)
    0x00005040   0x00005040   0x00000048   Code   RO         1389    i.rt_put_dly        RTX_CM3.lib(rt_list.o)
    0x00005088   0x00005088   0x00000036   Code   RO         1390    i.rt_put_prio       RTX_CM3.lib(rt_list.o)
    0x000050be   0x000050be   0x00000002   PAD
    0x000050c0   0x000050c0   0x00000014   Code   RO         1391    i.rt_put_rdy_first  RTX_CM3.lib(rt_list.o)
    0x000050d4   0x000050d4   0x00000034   Code   RO         1392    i.rt_resort_prio    RTX_CM3.lib(rt_list.o)
    0x00005108   0x00005108   0x00000006   Code   RO         1663    i.rt_ret_val        RTX_CM3.lib(hal_cm.o)
    0x0000510e   0x0000510e   0x00000008   Code   RO         1664    i.rt_ret_val2       RTX_CM3.lib(hal_cm.o)
    0x00005116   0x00005116   0x00000028   Code   RO         1393    i.rt_rmv_dly        RTX_CM3.lib(rt_list.o)
    0x0000513e   0x0000513e   0x00000002   PAD
    0x00005140   0x00005140   0x00000030   Code   RO         1394    i.rt_rmv_list       RTX_CM3.lib(rt_list.o)
    0x00005170   0x00005170   0x0000000c   Code   RO         1511    i.rt_sem_init       RTX_CM3.lib(rt_semaphore.o)
    0x0000517c   0x0000517c   0x00000034   Code   RO         1512    i.rt_sem_psh        RTX_CM3.lib(rt_semaphore.o)
    0x000051b0   0x000051b0   0x0000002a   Code   RO         1513    i.rt_sem_send       RTX_CM3.lib(rt_semaphore.o)
    0x000051da   0x000051da   0x00000002   PAD
    0x000051dc   0x000051dc   0x00000040   Code   RO         1514    i.rt_sem_wait       RTX_CM3.lib(rt_semaphore.o)
    0x0000521c   0x0000521c   0x00000024   Code   RO         1260    i.rt_stk_check      RTX_CM3.lib(rt_system.o)
    0x00005240   0x00005240   0x00000028   Code   RO         1137    i.rt_switch_req     RTX_CM3.lib(rt_task.o)
    0x00005268   0x00005268   0x000000cc   Code   RO         1138    i.rt_sys_init       RTX_CM3.lib(rt_task.o)
    0x00005334   0x00005334   0x00000078   Code   RO         1139    i.rt_sys_start      RTX_CM3.lib(rt_task.o)
    0x000053ac   0x000053ac   0x00000040   Code   RO         1262    i.rt_systick        RTX_CM3.lib(rt_system.o)
    0x000053ec   0x000053ec   0x00000012   Code   RO          563    i.rt_tid2ptcb       RTX_CM3.lib(rt_cmsis.o)
    0x000053fe   0x000053fe   0x00000002   PAD
    0x00005400   0x00005400   0x00000034   Code   RO          564    i.rt_timer_insert   RTX_CM3.lib(rt_cmsis.o)
    0x00005434   0x00005434   0x00000088   Code   RO         1140    i.rt_tsk_create     RTX_CM3.lib(rt_task.o)
    0x000054bc   0x000054bc   0x0000017c   Code   RO         1141    i.rt_tsk_delete     RTX_CM3.lib(rt_task.o)
    0x00005638   0x00005638   0x0000007c   Code   RO         1143    i.rt_tsk_prio       RTX_CM3.lib(rt_task.o)
    0x000056b4   0x000056b4   0x00000010   Code   RO         1144    i.rt_tsk_self       RTX_CM3.lib(rt_task.o)
    0x000056c4   0x000056c4   0x00000012   Code   RO          566    i.svcDelay          RTX_CM3.lib(rt_cmsis.o)
    0x000056d6   0x000056d6   0x00000002   PAD
    0x000056d8   0x000056d8   0x00000070   Code   RO          567    i.svcKernelInitialize  RTX_CM3.lib(rt_cmsis.o)
    0x00005748   0x00005748   0x00000048   Code   RO          569    i.svcKernelStart    RTX_CM3.lib(rt_cmsis.o)
    0x00005790   0x00005790   0x00000038   Code   RO          570    i.svcKernelSysTick  RTX_CM3.lib(rt_cmsis.o)
    0x000057c8   0x000057c8   0x00000024   Code   RO          572    i.svcMessageCreate  RTX_CM3.lib(rt_cmsis.o)
    0x000057ec   0x000057ec   0x0000003a   Code   RO          573    i.svcMessageGet     RTX_CM3.lib(rt_cmsis.o)
    0x00005826   0x00005826   0x0000001c   Code   RO          575    i.svcMutexCreate    RTX_CM3.lib(rt_cmsis.o)
    0x00005842   0x00005842   0x00000022   Code   RO          577    i.svcMutexRelease   RTX_CM3.lib(rt_cmsis.o)
    0x00005864   0x00005864   0x0000003a   Code   RO          578    i.svcMutexWait      RTX_CM3.lib(rt_cmsis.o)
    0x0000589e   0x0000589e   0x00000024   Code   RO          580    i.svcSemaphoreCreate  RTX_CM3.lib(rt_cmsis.o)
    0x000058c2   0x000058c2   0x00000028   Code   RO          582    i.svcSemaphoreRelease  RTX_CM3.lib(rt_cmsis.o)
    0x000058ea   0x000058ea   0x00000032   Code   RO          583    i.svcSemaphoreWait  RTX_CM3.lib(rt_cmsis.o)
    0x0000591c   0x0000591c   0x0000006c   Code   RO          587    i.svcThreadCreate   RTX_CM3.lib(rt_cmsis.o)
    0x00005988   0x00005988   0x0000001c   Code   RO          588    i.svcThreadGetId    RTX_CM3.lib(rt_cmsis.o)
    0x000059a4   0x000059a4   0x00000038   Code   RO          591    i.svcThreadTerminate  RTX_CM3.lib(rt_cmsis.o)
    0x000059dc   0x000059dc   0x00000018   Code   RO          593    i.svcTimerCall      RTX_CM3.lib(rt_cmsis.o)
    0x000059f4   0x000059f4   0x0000005c   Code   RO          602    i.sysTimerTick      RTX_CM3.lib(rt_cmsis.o)
    0x00005a50   0x00005a50   0x0000002c   Code   RO         1894    locale$$code        c_w.l(lc_ctype_c.o)
    0x00005a7c   0x00005a7c   0x00000008   Data   RO         1744    .constdata          c_w.l(_printf_wctomb.o)
    0x00005a84   0x00005a84   0x00000028   Data   RO         1765    .constdata          c_w.l(_printf_hex_int_ptr.o)
    0x00005aac   0x00005aac   0x00000011   Data   RO         1791    .constdata          c_w.l(__printf_flags_ss_wp.o)
    0x00005abd   0x00005abd   0x00000003   PAD
    0x00005ac0   0x00005ac0   0x00000004   Data   RO          254    .rodata.CMSIS_RTOS_API_Version  rtx_conf_cm.o
    0x00005ac4   0x00005ac4   0x00000004   Data   RO          255    .rodata.CMSIS_RTOS_RTX_Version  rtx_conf_cm.o
    0x00005ac8   0x00005ac8   0x0000002c   Data   RO          396    .rodata.Driver_SPI1  ssp_lpc17xx.o
    0x00005af4   0x00005af4   0x00001500   Data   RO          109    .rodata.Font_16x24_h  glcd_fonts.o
    0x00006ff4   0x00006ff4   0x00000010   Data   RO          110    .rodata.GLCD_Font_16x24  glcd_fonts.o
    0x00007004   0x00007004   0x0000003c   Data   RO           56    .rodata.actuators   main.o
    0x00007040   0x00007040   0x00000004   Data   RO          259    .rodata.mp_stk_size  rtx_conf_cm.o
    0x00007044   0x00007044   0x00000002   Data   RO          258    .rodata.mp_tcb_size  rtx_conf_cm.o
    0x00007046   0x00007046   0x00000002   Data   RO          267    .rodata.mp_tmr_size  rtx_conf_cm.o
    0x00007048   0x00007048   0x00000004   Data   RO          256    .rodata.os_clockrate  rtx_conf_cm.o
    0x0000704c   0x0000704c   0x00000001   Data   RO          261    .rodata.os_fifo_size  rtx_conf_cm.o
    0x0000704d   0x0000704d   0x00000001   Data   RO          253    .rodata.os_flags    rtx_conf_cm.o
    0x0000704e   0x0000704e   0x00000002   Data   RO          246    .rodata.os_maxtaskrun  rtx_conf_cm.o
    0x00007050   0x00007050   0x00000008   Data   RO          264    .rodata.os_messageQ_def_osTimerMessageQ  rtx_conf_cm.o
    0x00007058   0x00007058   0x00000004   Data   RO           82    .rodata.os_mutex_def_adc_mutex  main.o
    0x0000705c   0x0000705c   0x00000004   Data   RO           84    .rodata.os_mutex_def_glcd_mutex  main.o
    0x00007060   0x00007060   0x00000004   Data   RO           86    .rodata.os_mutex_def_uart_mutex  main.o
    0x00007064   0x00007064   0x00000004   Data   RO          248    .rodata.os_rrobin   rtx_conf_cm.o
    0x00007068   0x00007068   0x00000004   Data   RO           88    .rodata.os_semaphore_def_heater_sem  main.o
    0x0000706c   0x0000706c   0x00000004   Data   RO           92    .rodata.os_semaphore_def_light_sem  main.o
    0x00007070   0x00007070   0x00000004   Data   RO           90    .rodata.os_semaphore_def_sprinkler_sem  main.o
    0x00007074   0x00007074   0x00000004   Data   RO          260    .rodata.os_stack_sz  rtx_conf_cm.o
    0x00007078   0x00007078   0x00000004   Data   RO          247    .rodata.os_stackinfo  rtx_conf_cm.o
    0x0000707c   0x0000707c   0x00000010   Data   RO           77    .rodata.os_thread_def_control_thread  main.o
    0x0000708c   0x0000708c   0x00000010   Data   RO          271    .rodata.os_thread_def_main  rtx_conf_cm.o
    0x0000709c   0x0000709c   0x00000010   Data   RO           80    .rodata.os_thread_def_menu_thread  main.o
    0x000070ac   0x000070ac   0x00000010   Data   RO           76    .rodata.os_thread_def_monitor_thread  main.o
    0x000070bc   0x000070bc   0x00000010   Data   RO          262    .rodata.os_thread_def_osTimerThread  rtx_conf_cm.o
    0x000070cc   0x000070cc   0x00000010   Data   RO           74    .rodata.os_thread_def_sensor_thread  main.o
    0x000070dc   0x000070dc   0x00000010   Data   RO           78    .rodata.os_thread_def_timer_monitor_thread  main.o
    0x000070ec   0x000070ec   0x00000010   Data   RO           79    .rodata.os_thread_def_uart_receive_thread  main.o
    0x000070fc   0x000070fc   0x00000010   Data   RO           75    .rodata.os_thread_def_uart_thread  main.o
    0x0000710c   0x0000710c   0x00000004   Data   RO          257    .rodata.os_timernum  rtx_conf_cm.o
    0x00007110   0x00007110   0x00000004   Data   RO          252    .rodata.os_trv      rtx_conf_cm.o
    0x00007114   0x00007114   0x000001e3   Data   RO           60    .rodata.str1.1      main.o
    0x000072f7   0x000072f7   0x00000001   PAD
    0x000072f8   0x000072f8   0x0000009d   Data   RO           66    .rodata.str1.4      main.o
    0x00007395   0x00007395   0x00000003   PAD
    0x00007398   0x00007398   0x00000020   Data   RO         2038    Region$$Table       anon$$obj.o
    0x000073b8   0x000073b8   0x00000110   Data   RO         1893    locale$$data        c_w.l(lc_ctype_c.o)


    Execution Region ER_RW (Exec base: 0x10000000, Load base: 0x000074c8, Size: 0x00000080, Max: 0xffffffff, ABSOLUTE)

    Exec Addr    Load Addr    Size         Type   Attr      Idx    E Section Name        Object

    0x10000000   0x000074c8   0x00000004   Data   RW           98    .ARM.use_no_argv    main.o
    0x10000004   0x000074cc   0x00000008   Data   RW          605    .data               RTX_CM3.lib(rt_cmsis.o)
    0x1000000c   0x000074d4   0x00000008   Data   RW         1146    .data               RTX_CM3.lib(rt_task.o)
    0x10000014   0x000074dc   0x00000008   Data   RW         1265    .data               RTX_CM3.lib(rt_system.o)
    0x1000001c   0x000074e4   0x00000004   Data   RW         1555    .data               RTX_CM3.lib(rt_time.o)
    0x10000020   0x000074e8   0x00000008   Data   RW         1586    .data               RTX_CM3.lib(rt_robin.o)
    0x10000028   0x000074f0   0x00000001   Data   RW         1665    .data               RTX_CM3.lib(hal_cm.o)
    0x10000029   0x000074f1   0x00000003   PAD
    0x1000002c   0x000074f4   0x00000004   Data   RW         1807    .data               c_w.l(strtok.o)
    0x10000030   0x000074f8   0x00000002   Data   RW          399    .data.SSP1_pin_miso  ssp_lpc17xx.o
    0x10000032   0x000074fa   0x00000002   Data   RW          400    .data.SSP1_pin_mosi  ssp_lpc17xx.o
    0x10000034   0x000074fc   0x00000002   Data   RW          398    .data.SSP1_pin_sck  ssp_lpc17xx.o
    0x10000036   0x000074fe   0x00000002   Data   RW          397    .data.SSP1_pin_ssel  ssp_lpc17xx.o
    0x10000038   0x00007500   0x00000004   Data   RW          501    .data.SystemCoreClock  system_lpc17xx.o
    0x1000003c   0x00007504   0x00000002   Data   RW          180    .data.background_color  glcd_mcb1700.o
    0x1000003e   0x00007506   0x00000002   PAD
    0x10000040   0x00007508   0x00000004   Data   RW           95    .data.heater_duration  main.o
    0x10000044   0x0000750c   0x00000004   Data   RW           97    .data.light_duration  main.o
    0x10000048   0x00007510   0x00000003   Data   RW           93    .data.main.types    main.o
    0x1000004b   0x00007513   0x00000001   PAD
    0x1000004c   0x00007514   0x00000004   Data   RW           96    .data.sprinkler_duration  main.o
    0x10000050   0x00007518   0x0000000c   Data   RW           94    .data.threshold_values  main.o
    0x1000005c   0x00007524   0x00000024   Data   RW           62    .data.timers        main.o


    Execution Region ER_ZI (Exec base: 0x10000080, Load base: 0x00007548, Size: 0x00004158, Max: 0xffffffff, ABSOLUTE)

    Exec Addr    Load Addr    Size         Type   Attr      Idx    E Section Name        Object

    0x10000080        -       0x00000034   Zero   RW         1145    .bss                RTX_CM3.lib(rt_task.o)
    0x100000b4        -       0x00000030   Zero   RW         1395    .bss                RTX_CM3.lib(rt_list.o)
    0x100000e4        -       0x00000060   Zero   RW         1723    .bss                c_w.l(libspace.o)
    0x10000144        -       0x00000004   Zero   RW          442    .bss.Channel_active  gpdma_lpc17xx.o
    0x10000148        -       0x00000020   Zero   RW          441    .bss.GPDMA_cb_event  gpdma_lpc17xx.o
    0x10000168        -       0x00000001   Zero   RW          178    .bss.Himax          glcd_mcb1700.o
    0x10000169   0x00007548   0x00000003   PAD
    0x1000016c        -       0x00000004   Zero   RW          321    .bss.SPI_Info.0     spi_lpc17xx.o
    0x10000170        -       0x00000001   Zero   RW          324    .bss.SPI_Info.1.0   spi_lpc17xx.o
    0x10000171   0x00007548   0x00000003   PAD
    0x10000174        -       0x00000001   Zero   RW          325    .bss.SPI_Info.1.1   spi_lpc17xx.o
    0x10000175   0x00007548   0x00000001   PAD
    0x10000176        -       0x00000001   Zero   RW          326    .bss.SPI_Info.1.2   spi_lpc17xx.o
    0x10000177   0x00007548   0x00000001   PAD
    0x10000178        -       0x0000001c   Zero   RW          320    .bss.SPI_Xfer       spi_lpc17xx.o
    0x10000194        -       0x0000000c   Zero   RW          401    .bss.SSP1_Info      ssp_lpc17xx.o
    0x100001a0        -       0x0000001c   Zero   RW          402    .bss.SSP1_Xfer      ssp_lpc17xx.o
    0x100001bc        -       0x00000004   Zero   RW          181    .bss.active_font    glcd_mcb1700.o
    0x100001c0        -       0x0000000c   Zero   RW           64    .bss.actuator_sems  main.o
    0x100001cc        -       0x00000004   Zero   RW           58    .bss.adc_mutex      main.o
    0x100001d0        -       0x0000000c   Zero   RW           59    .bss.adc_values     main.o
    0x100001dc        -       0x00000001   Zero   RW           70    .bss.adjust_durations.first_call  main.o
    0x100001dd   0x00007548   0x00000003   PAD
    0x100001e0        -       0x00000001   Zero   RW           69    .bss.control_actuators.first_call  main.o
    0x100001e1   0x00007548   0x00000003   PAD
    0x100001e4        -       0x00000001   Zero   RW           71    .bss.control_timers.first_call  main.o
    0x100001e5        -       0x00000001   Zero   RW           61    .bss.current_mode   main.o
    0x100001e6   0x00007548   0x00000002   PAD
    0x100001e8        -       0x0000000c   Zero   RW           54    .bss.current_time   main.o
    0x100001f4        -       0x00000001   Zero   RW           67    .bss.display_menu.first_call  main.o
    0x100001f5   0x00007548   0x00000001   PAD
    0x100001f6        -       0x00000002   Zero   RW          179    .bss.foreground_color  glcd_mcb1700.o
    0x100001f8        -       0x00000004   Zero   RW           68    .bss.glcd_mutex     main.o
    0x100001fc        -       0x00000004   Zero   RW          266    .bss.m_tmr          rtx_conf_cm.o
    0x10000200        -       0x00003010   Zero   RW          273    .bss.mp_stk         rtx_conf_cm.o
    0x10003210        -       0x000002b0   Zero   RW          272    .bss.mp_tcb         rtx_conf_cm.o
    0x100034c0        -       0x00000004   Zero   RW          278    .bss.osMessageQId_osTimerMessageQ  rtx_conf_cm.o
    0x100034c4        -       0x00000004   Zero   RW          277    .bss.osThreadId_osTimerThread  rtx_conf_cm.o
    0x100034c8        -       0x00000034   Zero   RW          276    .bss.os_active_TCB  rtx_conf_cm.o
    0x100034fc        -       0x00000084   Zero   RW          275    .bss.os_fifo        rtx_conf_cm.o
    0x10003580        -       0x00000020   Zero   RW          263    .bss.os_messageQ_q_osTimerMessageQ  rtx_conf_cm.o
    0x100035a0        -       0x00000010   Zero   RW           81    .bss.os_mutex_cb_adc_mutex  main.o
    0x100035b0        -       0x00000010   Zero   RW           83    .bss.os_mutex_cb_glcd_mutex  main.o
    0x100035c0        -       0x00000010   Zero   RW           85    .bss.os_mutex_cb_uart_mutex  main.o
    0x100035d0        -       0x00000008   Zero   RW           87    .bss.os_semaphore_cb_heater_sem  main.o
    0x100035d8        -       0x00000008   Zero   RW           91    .bss.os_semaphore_cb_light_sem  main.o
    0x100035e0        -       0x00000008   Zero   RW           89    .bss.os_semaphore_cb_sprinkler_sem  main.o
    0x100035e8        -       0x000004e8   Zero   RW          274    .bss.os_stack_mem   rtx_conf_cm.o
    0x10003ad0        -       0x00000004   Zero   RW           72    .bss.selected_actuator  main.o
    0x10003ad4        -       0x00000004   Zero   RW           73    .bss.selected_field  main.o
    0x10003ad8        -       0x00000004   Zero   RW           65    .bss.selected_menu  main.o
    0x10003adc        -       0x0000000c   Zero   RW           57    .bss.sensor_thread.warning_sent  main.o
    0x10003ae8        -       0x000004e0   Zero   RW          268    .bss.std_libspace   rtx_conf_cm.o
    0x10003fc8        -       0x0000000c   Zero   RW           63    .bss.timer_triggered  main.o
    0x10003fd4        -       0x00000004   Zero   RW           55    .bss.uart_mutex_id  main.o
    0x10003fd8        -       0x00000000   Zero   RW          485    HEAP                startup_lpc17xx.o
    0x10003fd8        -       0x00000200   Zero   RW          484    STACK               startup_lpc17xx.o


==============================================================================

Image component sizes


      Code (inc. data)   RO Data    RW Data    ZI Data      Debug   Object Name

         0          0       5392          0          0       1037   glcd_fonts.o
      2648          0          0          2          7       9330   glcd_mcb1700.o
       122          0          0          0         36       6799   gpdma_lpc17xx.o
       108          0          0          0          0       3807   gpio_lpc17xx.o
      7638        756        836         67        161      21440   main.o
       116          0          0          0          0       2362   pin_lpc17xx.o
       152          0         84          0      15724       5792   rtx_conf_cm.o
       260          0          0          0         35       9923   spi_lpc17xx.o
      2168         46         44          8         40      12425   ssp_lpc17xx.o
        64         26        204          0        512        972   startup_lpc17xx.o
       452          8          0          4          0       2081   system_lpc17xx.o

    ----------------------------------------------------------------------
     13796        836       6596         84      16532      75968   Object Totals
         0          0         32          0          0          0   (incl. Generated)
        68          0          4          3         17          0   (incl. Padding)

    ----------------------------------------------------------------------

      Code (inc. data)   RO Data    RW Data    ZI Data      Debug   Library Member Name

       238         24          0          1          0       3244   hal_cm.o
       304         36          0          0          0        756   hal_cm3.o
      1702        198          0          8          0      44230   rt_cmsis.o
        80          4          0          0          0        649   rt_event.o
       530         34          0          0         48       8157   rt_list.o
       554         10          0          0          0       3889   rt_mailbox.o
       140          0          0          0          0       1889   rt_membox.o
       128          0          0          0          0       2267   rt_memory.o
       352         14          0          0          0       2073   rt_mutex.o
        96         22          0          8          0       1134   rt_robin.o
       186         10          0          0          0       2862   rt_semaphore.o
       334         64          0          8          0       6991   rt_system.o
      1216        174          0          8         52       9537   rt_task.o
         6          0          0          4          0        636   rt_time.o
         4          4          0          0          0        196   svc_table.o
         8          0          0          0          0         68   __main.o
       392          4         17          0          0         92   __printf_flags_ss_wp.o
        14          0          0          0          0         68   __printf_wp.o
         0          0          0          0          0          0   __rtentry.o
        20          0          0          0          0          0   __rtentry2.o
         6          0          0          0          0          0   __rtentry4.o
        52          8          0          0          0          0   __scatter.o
        26          0          0          0          0          0   __scatter_copy.o
        28          0          0          0          0          0   __scatter_zi.o
        72          0          0          0          0         96   _c16rtomb.o
        28          0          0          0          0         68   _chval.o
         6          0          0          0          0          0   _printf_c.o
        44          0          0          0          0        108   _printf_char.o
        48          6          0          0          0         96   _printf_char_common.o
        40          0          0          0          0         68   _printf_charcount.o
         6          0          0          0          0          0   _printf_d.o
       120         16          0          0          0         92   _printf_dec.o
       124          4         40          0          0        144   _printf_hex_int_ptr.o
         6          0          0          0          0          0   _printf_i.o
       178          0          0          0          0         88   _printf_intcommon.o
        10          0          0          0          0          0   _printf_l.o
         6          0          0          0          0          0   _printf_lc.o
         6          0          0          0          0          0   _printf_n.o
         6          0          0          0          0          0   _printf_o.o
        84         10          0          0          0         88   _printf_oct_int.o
         6          0          0          0          0          0   _printf_p.o
        78          0          0          0          0        108   _printf_pad.o
         0          0          0          0          0          0   _printf_percent.o
         4          0          0          0          0          0   _printf_percent_end.o
         6          0          0          0          0          0   _printf_s.o
        82          0          0          0          0         80   _printf_str.o
        36          0          0          0          0         84   _printf_truncate.o
         6          0          0          0          0          0   _printf_u.o
        44          0          0          0          0        108   _printf_wchar.o
       188          6          8          0          0         92   _printf_wctomb.o
         6          0          0          0          0          0   _printf_x.o
        16          0          0          0          0         68   _snputc.o
        10          0          0          0          0         68   _sputc.o
       158          0          0          0          0         92   _strtoul.o
        26          0          0          0          0         80   atoi.o
        18          0          0          0          0         80   exit.o
         6          0          0          0          0        152   heapauxi.o
         0          0          0          0          0          0   indicate_semi.o
        44         10        272          0          0         76   lc_ctype_c.o
         2          0          0          0          0          0   libinit.o
        20          0          0          0          0          0   libinit2.o
         2          0          0          0          0          0   libshutdown.o
         2          0          0          0          0          0   libshutdown2.o
         8          4          0          0         96         68   libspace.o
       240          0          0          0          0        100   lludivv7m.o
        88          0          0          0          0         76   memcmp.o
        52          4          0          0          0         84   noretval__2snprintf.o
        16          4          0          0          0         76   rt_ctype_table.o
         4          0          0          0          0         68   rt_errno_addr_twolibspace.o
        10          0          0          0          0         76   rt_locale_twolibspace.o
       138          0          0          0          0         68   rt_memcpy_v6.o
       100          0          0          0          0         80   rt_memcpy_w.o
         2          0          0          0          0          0   rtexit.o
        10          0          0          0          0          0   rtexit2.o
       128          0          0          0          0         68   strcmpv7m.o
        32          0          0          0          0         80   strcspn.o
        28          0          0          0          0         80   strspn.o
        36          0          0          0          0         80   strstr.o
        12          6          0          4          0         68   strtok.o
        68          4          0          0          0         84   strtok_int.o
       112          0          0          0          0         88   strtol.o
        12          4          0          0          0         68   sys_exit.o
        74          0          0          0          0         80   sys_stackheap_outer.o
         2          0          0          0          0         68   use_no_semi.o

    ----------------------------------------------------------------------
      9164        684        340         44        196      92134   Library Totals
        32          0          3          3          0          0   (incl. Padding)

    ----------------------------------------------------------------------

      Code (inc. data)   RO Data    RW Data    ZI Data      Debug   Library Name

      5870        594          0         37        100      88510   RTX_CM3.lib
      3262         90        337          4         96       3624   c_w.l

    ----------------------------------------------------------------------
      9164        684        340         44        196      92134   Library Totals

    ----------------------------------------------------------------------

==============================================================================


      Code (inc. data)   RO Data    RW Data    ZI Data      Debug   

     22960       1520       6936        128      16728     161158   Grand Totals
     22960       1520       6936        128      16728     161158   ELF Image Totals
     22960       1520       6936        128          0          0   ROM Totals

==============================================================================

    Total RO  Size (Code + RO Data)                29896 (  29.20kB)
    Total RW  Size (RW Data + ZI Data)             16856 (  16.46kB)
    Total ROM Size (Code + RO Data + RW Data)      30024 (  29.32kB)

==============================================================================

